Archive member included to satisfy reference by file (symbol)

c:/ac6/systemworkbench/plugins/fr.ac6.mcu.externaltools.arm-none.win32_1.17.0.201812190825/tools/compiler/bin/../lib/gcc/arm-none-eabi/7.3.1/../../../../arm-none-eabi/lib/thumb/v7e-m/fpv4-sp/hard\libc_nano.a(lib_a-errno.o)
                              Core/Src/syscalls.o (__errno)
c:/ac6/systemworkbench/plugins/fr.ac6.mcu.externaltools.arm-none.win32_1.17.0.201812190825/tools/compiler/bin/../lib/gcc/arm-none-eabi/7.3.1/../../../../arm-none-eabi/lib/thumb/v7e-m/fpv4-sp/hard\libc_nano.a(lib_a-exit.o)
                              c:/ac6/systemworkbench/plugins/fr.ac6.mcu.externaltools.arm-none.win32_1.17.0.201812190825/tools/compiler/bin/../lib/gcc/arm-none-eabi/7.3.1/../../../../arm-none-eabi/lib/thumb/v7e-m/fpv4-sp/hard/crt0.o (exit)
c:/ac6/systemworkbench/plugins/fr.ac6.mcu.externaltools.arm-none.win32_1.17.0.201812190825/tools/compiler/bin/../lib/gcc/arm-none-eabi/7.3.1/../../../../arm-none-eabi/lib/thumb/v7e-m/fpv4-sp/hard\libc_nano.a(lib_a-impure.o)
                              c:/ac6/systemworkbench/plugins/fr.ac6.mcu.externaltools.arm-none.win32_1.17.0.201812190825/tools/compiler/bin/../lib/gcc/arm-none-eabi/7.3.1/../../../../arm-none-eabi/lib/thumb/v7e-m/fpv4-sp/hard\libc_nano.a(lib_a-exit.o) (_global_impure_ptr)
c:/ac6/systemworkbench/plugins/fr.ac6.mcu.externaltools.arm-none.win32_1.17.0.201812190825/tools/compiler/bin/../lib/gcc/arm-none-eabi/7.3.1/../../../../arm-none-eabi/lib/thumb/v7e-m/fpv4-sp/hard\libc_nano.a(lib_a-init.o)
                              c:/ac6/systemworkbench/plugins/fr.ac6.mcu.externaltools.arm-none.win32_1.17.0.201812190825/tools/compiler/bin/../lib/gcc/arm-none-eabi/7.3.1/../../../../arm-none-eabi/lib/thumb/v7e-m/fpv4-sp/hard/crt0.o (__libc_init_array)
c:/ac6/systemworkbench/plugins/fr.ac6.mcu.externaltools.arm-none.win32_1.17.0.201812190825/tools/compiler/bin/../lib/gcc/arm-none-eabi/7.3.1/../../../../arm-none-eabi/lib/thumb/v7e-m/fpv4-sp/hard\libc_nano.a(lib_a-malloc.o)
                              Core/Src/enable.o (malloc)
c:/ac6/systemworkbench/plugins/fr.ac6.mcu.externaltools.arm-none.win32_1.17.0.201812190825/tools/compiler/bin/../lib/gcc/arm-none-eabi/7.3.1/../../../../arm-none-eabi/lib/thumb/v7e-m/fpv4-sp/hard\libc_nano.a(lib_a-memcpy-stub.o)
                              Core/Src/enable.o (memcpy)
c:/ac6/systemworkbench/plugins/fr.ac6.mcu.externaltools.arm-none.win32_1.17.0.201812190825/tools/compiler/bin/../lib/gcc/arm-none-eabi/7.3.1/../../../../arm-none-eabi/lib/thumb/v7e-m/fpv4-sp/hard\libc_nano.a(lib_a-memset.o)
                              c:/ac6/systemworkbench/plugins/fr.ac6.mcu.externaltools.arm-none.win32_1.17.0.201812190825/tools/compiler/bin/../lib/gcc/arm-none-eabi/7.3.1/../../../../arm-none-eabi/lib/thumb/v7e-m/fpv4-sp/hard/crt0.o (memset)
c:/ac6/systemworkbench/plugins/fr.ac6.mcu.externaltools.arm-none.win32_1.17.0.201812190825/tools/compiler/bin/../lib/gcc/arm-none-eabi/7.3.1/../../../../arm-none-eabi/lib/thumb/v7e-m/fpv4-sp/hard\libc_nano.a(lib_a-nano-freer.o)
                              c:/ac6/systemworkbench/plugins/fr.ac6.mcu.externaltools.arm-none.win32_1.17.0.201812190825/tools/compiler/bin/../lib/gcc/arm-none-eabi/7.3.1/../../../../arm-none-eabi/lib/thumb/v7e-m/fpv4-sp/hard\libc_nano.a(lib_a-malloc.o) (_free_r)
c:/ac6/systemworkbench/plugins/fr.ac6.mcu.externaltools.arm-none.win32_1.17.0.201812190825/tools/compiler/bin/../lib/gcc/arm-none-eabi/7.3.1/../../../../arm-none-eabi/lib/thumb/v7e-m/fpv4-sp/hard\libc_nano.a(lib_a-nano-mallocr.o)
                              c:/ac6/systemworkbench/plugins/fr.ac6.mcu.externaltools.arm-none.win32_1.17.0.201812190825/tools/compiler/bin/../lib/gcc/arm-none-eabi/7.3.1/../../../../arm-none-eabi/lib/thumb/v7e-m/fpv4-sp/hard\libc_nano.a(lib_a-malloc.o) (_malloc_r)
c:/ac6/systemworkbench/plugins/fr.ac6.mcu.externaltools.arm-none.win32_1.17.0.201812190825/tools/compiler/bin/../lib/gcc/arm-none-eabi/7.3.1/../../../../arm-none-eabi/lib/thumb/v7e-m/fpv4-sp/hard\libc_nano.a(lib_a-sbrkr.o)
                              c:/ac6/systemworkbench/plugins/fr.ac6.mcu.externaltools.arm-none.win32_1.17.0.201812190825/tools/compiler/bin/../lib/gcc/arm-none-eabi/7.3.1/../../../../arm-none-eabi/lib/thumb/v7e-m/fpv4-sp/hard\libc_nano.a(lib_a-nano-mallocr.o) (_sbrk_r)
c:/ac6/systemworkbench/plugins/fr.ac6.mcu.externaltools.arm-none.win32_1.17.0.201812190825/tools/compiler/bin/../lib/gcc/arm-none-eabi/7.3.1/../../../../arm-none-eabi/lib/thumb/v7e-m/fpv4-sp/hard\libc_nano.a(lib_a-mlock.o)
                              c:/ac6/systemworkbench/plugins/fr.ac6.mcu.externaltools.arm-none.win32_1.17.0.201812190825/tools/compiler/bin/../lib/gcc/arm-none-eabi/7.3.1/../../../../arm-none-eabi/lib/thumb/v7e-m/fpv4-sp/hard\libc_nano.a(lib_a-nano-freer.o) (__malloc_lock)
[...]
Memory Configuration

Name             Origin             Length             Attributes
RAM              0x20000000         0x00018000         xrw
RAM2             0x10000000         0x00008000         xrw
FLASH            0x08000000         0x00100000         xr
*default*        0x00000000         0xffffffff

Linker script and memory map

LOAD c:/ac6/systemworkbench/plugins/fr.ac6.mcu.externaltools.arm-none.win32_1.17.0.201812190825/tools/compiler/bin/../lib/gcc/arm-none-eabi/7.3.1/thumb/v7e-m/fpv4-sp/hard/crti.o
LOAD c:/ac6/systemworkbench/plugins/fr.ac6.mcu.externaltools.arm-none.win32_1.17.0.201812190825/tools/compiler/bin/../lib/gcc/arm-none-eabi/7.3.1/thumb/v7e-m/fpv4-sp/hard/crtbegin.o
LOAD c:/ac6/systemworkbench/plugins/fr.ac6.mcu.externaltools.arm-none.win32_1.17.0.201812190825/tools/compiler/bin/../lib/gcc/arm-none-eabi/7.3.1/../../../../arm-none-eabi/lib/thumb/v7e-m/fpv4-sp/hard/crt0.o
LOAD Core/Src/enable.o
LOAD Core/Src/main.o
LOAD Core/Src/sensors.o
LOAD Core/Src/stm32l4xx_hal_msp.o
LOAD Core/Src/stm32l4xx_it.o
LOAD Core/Src/syscalls.o
LOAD Core/Src/system_stm32l4xx.o
LOAD Drivers/STM32L4xx_HAL_Driver/Src/stm32l4xx_hal.o
LOAD Drivers/STM32L4xx_HAL_Driver/Src/stm32l4xx_hal_cortex.o
LOAD Drivers/STM32L4xx_HAL_Driver/Src/stm32l4xx_hal_dma.o
LOAD Drivers/STM32L4xx_HAL_Driver/Src/stm32l4xx_hal_dma_ex.o
LOAD Drivers/STM32L4xx_HAL_Driver/Src/stm32l4xx_hal_exti.o
LOAD Drivers/STM32L4xx_HAL_Driver/Src/stm32l4xx_hal_flash.o
LOAD Drivers/STM32L4xx_HAL_Driver/Src/stm32l4xx_hal_flash_ex.o
LOAD Drivers/STM32L4xx_HAL_Driver/Src/stm32l4xx_hal_flash_ramfunc.o
LOAD Drivers/STM32L4xx_HAL_Driver/Src/stm32l4xx_hal_gpio.o
LOAD Drivers/STM32L4xx_HAL_Driver/Src/stm32l4xx_hal_i2c.o
LOAD Drivers/STM32L4xx_HAL_Driver/Src/stm32l4xx_hal_i2c_ex.o
LOAD Drivers/STM32L4xx_HAL_Driver/Src/stm32l4xx_hal_pwr.o
LOAD Drivers/STM32L4xx_HAL_Driver/Src/stm32l4xx_hal_pwr_ex.o
LOAD Drivers/STM32L4xx_HAL_Driver/Src/stm32l4xx_hal_rcc.o
LOAD Drivers/STM32L4xx_HAL_Driver/Src/stm32l4xx_hal_rcc_ex.o
LOAD Drivers/STM32L4xx_HAL_Driver/Src/stm32l4xx_hal_spi.o
LOAD Drivers/STM32L4xx_HAL_Driver/Src/stm32l4xx_hal_spi_ex.o
LOAD Drivers/STM32L4xx_HAL_Driver/Src/stm32l4xx_hal_tim.o
LOAD Drivers/STM32L4xx_HAL_Driver/Src/stm32l4xx_hal_tim_ex.o
LOAD startup/startup_stm32l475xx.o
LOAD c:/ac6/systemworkbench/plugins/fr.ac6.mcu.externaltools.arm-none.win32_1.17.0.201812190825/tools/compiler/bin/../lib/gcc/arm-none-eabi/7.3.1/../../../../arm-none-eabi/lib/thumb/v7e-m/fpv4-sp/hard\libm.a
START GROUP
LOAD c:/ac6/systemworkbench/plugins/fr.ac6.mcu.externaltools.arm-none.win32_1.17.0.201812190825/tools/compiler/bin/../lib/gcc/arm-none-eabi/7.3.1/thumb/v7e-m/fpv4-sp/hard\libgcc.a
LOAD c:/ac6/systemworkbench/plugins/fr.ac6.mcu.externaltools.arm-none.win32_1.17.0.201812190825/tools/compiler/bin/../lib/gcc/arm-none-eabi/7.3.1/../../../../arm-none-eabi/lib/thumb/v7e-m/fpv4-sp/hard\libc_nano.a
END GROUP
START GROUP
LOAD c:/ac6/systemworkbench/plugins/fr.ac6.mcu.externaltools.arm-none.win32_1.17.0.201812190825/tools/compiler/bin/../lib/gcc/arm-none-eabi/7.3.1/thumb/v7e-m/fpv4-sp/hard\libgcc.a
LOAD c:/ac6/systemworkbench/plugins/fr.ac6.mcu.externaltools.arm-none.win32_1.17.0.201812190825/tools/compiler/bin/../lib/gcc/arm-none-eabi/7.3.1/../../../../arm-none-eabi/lib/thumb/v7e-m/fpv4-sp/hard\libc_nano.a
LOAD c:/ac6/systemworkbench/plugins/fr.ac6.mcu.externaltools.arm-none.win32_1.17.0.201812190825/tools/compiler/bin/../lib/gcc/arm-none-eabi/7.3.1/../../../../arm-none-eabi/lib/thumb/v7e-m/fpv4-sp/hard\libnosys.a
END GROUP
START GROUP
LOAD c:/ac6/systemworkbench/plugins/fr.ac6.mcu.externaltools.arm-none.win32_1.17.0.201812190825/tools/compiler/bin/../lib/gcc/arm-none-eabi/7.3.1/thumb/v7e-m/fpv4-sp/hard\libgcc.a
LOAD c:/ac6/systemworkbench/plugins/fr.ac6.mcu.externaltools.arm-none.win32_1.17.0.201812190825/tools/compiler/bin/../lib/gcc/arm-none-eabi/7.3.1/../../../../arm-none-eabi/lib/thumb/v7e-m/fpv4-sp/hard\libc_nano.a
LOAD c:/ac6/systemworkbench/plugins/fr.ac6.mcu.externaltools.arm-none.win32_1.17.0.201812190825/tools/compiler/bin/../lib/gcc/arm-none-eabi/7.3.1/../../../../arm-none-eabi/lib/thumb/v7e-m/fpv4-sp/hard\libnosys.a
END GROUP
LOAD c:/ac6/systemworkbench/plugins/fr.ac6.mcu.externaltools.arm-none.win32_1.17.0.201812190825/tools/compiler/bin/../lib/gcc/arm-none-eabi/7.3.1/thumb/v7e-m/fpv4-sp/hard/crtend.o
LOAD c:/ac6/systemworkbench/plugins/fr.ac6.mcu.externaltools.arm-none.win32_1.17.0.201812190825/tools/compiler/bin/../lib/gcc/arm-none-eabi/7.3.1/thumb/v7e-m/fpv4-sp/hard/crtn.o
                0x20018000                _estack = 0x20018000
                0x00000200                _Min_Heap_Size = 0x200
                0x00000400                _Min_Stack_Size = 0x400

.isr_vector     0x08000000      0x188
                0x08000000                . = ALIGN (0x8)
 *(.isr_vector)
 .isr_vector    0x08000000      0x188 startup/startup_stm32l475xx.o
                0x08000000                g_pfnVectors
                0x08000188                . = ALIGN (0x8)

.text           0x08000188     0x4b48
                0x08000188                . = ALIGN (0x8)
 *(.text)
 .text          0x08000188       0x40 c:/ac6/systemworkbench/plugins/fr.ac6.mcu.externaltools.arm-none.win32_1.17.0.201812190825/tools/compiler/bin/../lib/gcc/arm-none-eabi/7.3.1/thumb/v7e-m/fpv4-sp/hard/crtbegin.o
 *(.text*)
 .text.fetchBleEvent
                0x080001c8       0xf8 Core/Src/enable.o
                0x080001c8                fetchBleEvent
 .text.checkEventResp
                0x080002c0       0x26 Core/Src/enable.o
                0x080002c0                checkEventResp
 *fill*         0x080002e6        0x2 
 .text.sendCommand
                0x080002e8       0x88 Core/Src/enable.o
                0x080002e8                sendCommand
 .text.setConnectable
                0x08000370       0xc8 Core/Src/enable.o
                0x08000370                setConnectable
 .text.catchBLE
                0x08000438       0x28 Core/Src/enable.o
                0x08000438                catchBLE
 .text.BLE_command
                0x08000460       0x60 Core/Src/enable.o
                0x08000460                BLE_command
 .text.addService
                0x080004c0       0x60 Core/Src/enable.o
                0x080004c0                addService
 .text.addCharacteristic
                0x08000520       0x74 Core/Src/enable.o
                0x08000520                addCharacteristic
 .text.updateCharValue
                0x08000594       0x84 Core/Src/enable.o
                0x08000594                updateCharValue
 .text.ble_init
                0x08000618      0x3d0 Core/Src/enable.o
                0x08000618                ble_init
 .text.updateSignedMillesimal
                0x080009e8      0x178 Core/Src/enable.o
                0x080009e8                updateSignedMillesimal
 .text.updateSignedFloat
                0x08000b60      0x190 Core/Src/enable.o
                0x08000b60                updateSignedFloat
 .text.MX_GPIO_Init
                0x08000cf0      0x114 Core/Src/main.o
 .text.Error_Handler
                0x08000e04        0x4 Core/Src/main.o
                0x08000e04                Error_Handler
 .text.MX_SPI3_Init
                0x08000e08       0x48 Core/Src/main.o
 .text.MX_I2C2_Init
                0x08000e50       0x54 Core/Src/main.o
 .text.MX_TIM6_Init
                0x08000ea4       0x50 Core/Src/main.o
 .text.MX_TIM15_Init
                0x08000ef4       0xb0 Core/Src/main.o
 .text.SystemClock_Config
                0x08000fa4       0x7c Core/Src/main.o
                0x08000fa4                SystemClock_Config
 .text.main     0x08001020      0x224 Core/Src/main.o
                0x08001020                main
 .text.initLPS22hh
                0x08001244       0x2c Core/Src/sensors.o
                0x08001244                initLPS22hh
 .text.getPressure
                0x08001270       0xac Core/Src/sensors.o
                0x08001270                getPressure
 .text.initHTS221
                0x0800131c      0x2c0 Core/Src/sensors.o
                0x0800131c                initHTS221
 .text.getHumidity
                0x080015dc       0x8c Core/Src/sensors.o
                0x080015dc                getHumidity
 .text.getTemperature
                0x08001668       0x8c Core/Src/sensors.o
                0x08001668                getTemperature
 .text.startToF
                0x080016f4       0x28 Core/Src/sensors.o
                0x080016f4                startToF
 .text.getDistance
                0x0800171c       0x68 Core/Src/sensors.o
                0x0800171c                getDistance
 .text.init_accelerometer
                0x08001784       0x2c Core/Src/sensors.o
                0x08001784                init_accelerometer
 .text.getAxisAccelerometer
                0x080017b0      0x160 Core/Src/sensors.o
                0x080017b0                getAxisAccelerometer
 .text.init_magnetometer
                0x08001910       0x2c Core/Src/sensors.o
                0x08001910                init_magnetometer
 .text.getAxisMagnetometer
                0x0800193c      0x160 Core/Src/sensors.o
                0x0800193c                getAxisMagnetometer
 .text.HAL_MspInit
                0x08001a9c       0x30 Core/Src/stm32l4xx_hal_msp.o
                0x08001a9c                HAL_MspInit
 .text.HAL_I2C_MspInit
                0x08001acc       0x70 Core/Src/stm32l4xx_hal_msp.o
                0x08001acc                HAL_I2C_MspInit
 .text.HAL_SPI_MspInit
                0x08001b3c       0x6c Core/Src/stm32l4xx_hal_msp.o
                0x08001b3c                HAL_SPI_MspInit
 .text.HAL_TIM_Base_MspInit
                0x08001ba8       0x40 Core/Src/stm32l4xx_hal_msp.o
                0x08001ba8                HAL_TIM_Base_MspInit
 .text.HAL_TIM_PWM_MspInit
                0x08001be8       0x2c Core/Src/stm32l4xx_hal_msp.o
                0x08001be8                HAL_TIM_PWM_MspInit
 .text.HAL_TIM_MspPostInit
                0x08001c14       0x54 Core/Src/stm32l4xx_hal_msp.o
                0x08001c14                HAL_TIM_MspPostInit
 .text.NMI_Handler
                0x08001c68        0x2 Core/Src/stm32l4xx_it.o
                0x08001c68                NMI_Handler
 .text.HardFault_Handler
                0x08001c6a        0x2 Core/Src/stm32l4xx_it.o
                0x08001c6a                HardFault_Handler
 .text.MemManage_Handler
                0x08001c6c        0x2 Core/Src/stm32l4xx_it.o
                0x08001c6c                MemManage_Handler
 .text.BusFault_Handler
                0x08001c6e        0x2 Core/Src/stm32l4xx_it.o
                0x08001c6e                BusFault_Handler
 .text.UsageFault_Handler
                0x08001c70        0x2 Core/Src/stm32l4xx_it.o
                0x08001c70                UsageFault_Handler
 .text.SVC_Handler
                0x08001c72        0x2 Core/Src/stm32l4xx_it.o
                0x08001c72                SVC_Handler
 .text.DebugMon_Handler
                0x08001c74        0x2 Core/Src/stm32l4xx_it.o
                0x08001c74                DebugMon_Handler
 .text.PendSV_Handler
                0x08001c76        0x2 Core/Src/stm32l4xx_it.o
                0x08001c76                PendSV_Handler
 .text.SysTick_Handler
                0x08001c78        0x8 Core/Src/stm32l4xx_it.o
                0x08001c78                SysTick_Handler
 .text.EXTI9_5_IRQHandler
                0x08001c80       0x14 Core/Src/stm32l4xx_it.o
                0x08001c80                EXTI9_5_IRQHandler
 .text.TIM6_DAC_IRQHandler
                0x08001c94       0x18 Core/Src/stm32l4xx_it.o
                0x08001c94                TIM6_DAC_IRQHandler
 .text._sbrk    0x08001cac       0x3c Core/Src/syscalls.o
                0x08001cac                _sbrk
 .text.SystemInit
                0x08001ce8       0x48 Core/Src/system_stm32l4xx.o
                0x08001ce8                SystemInit
 .text.HAL_InitTick
                0x08001d30       0x4c Drivers/STM32L4xx_HAL_Driver/Src/stm32l4xx_hal.o
                0x08001d30                HAL_InitTick
 .text.HAL_Init
                0x08001d7c       0x1e Drivers/STM32L4xx_HAL_Driver/Src/stm32l4xx_hal.o
                0x08001d7c                HAL_Init
 *fill*         0x08001d9a        0x2 
 .text.HAL_IncTick
                0x08001d9c       0x18 Drivers/STM32L4xx_HAL_Driver/Src/stm32l4xx_hal.o
                0x08001d9c                HAL_IncTick
 .text.HAL_GetTick
                0x08001db4        0xc Drivers/STM32L4xx_HAL_Driver/Src/stm32l4xx_hal.o
                0x08001db4                HAL_GetTick
 .text.HAL_Delay
                0x08001dc0       0x28 Drivers/STM32L4xx_HAL_Driver/Src/stm32l4xx_hal.o
                0x08001dc0                HAL_Delay
 .text.HAL_NVIC_SetPriorityGrouping
                0x08001de8       0x24 Drivers/STM32L4xx_HAL_Driver/Src/stm32l4xx_hal_cortex.o
                0x08001de8                HAL_NVIC_SetPriorityGrouping
 .text.HAL_NVIC_SetPriority
                0x08001e0c       0x68 Drivers/STM32L4xx_HAL_Driver/Src/stm32l4xx_hal_cortex.o
                0x08001e0c                HAL_NVIC_SetPriority
 .text.HAL_NVIC_EnableIRQ
                0x08001e74       0x1c Drivers/STM32L4xx_HAL_Driver/Src/stm32l4xx_hal_cortex.o
                0x08001e74                HAL_NVIC_EnableIRQ
 .text.HAL_SYSTICK_Config
                0x08001e90       0x2c Drivers/STM32L4xx_HAL_Driver/Src/stm32l4xx_hal_cortex.o
                0x08001e90                HAL_SYSTICK_Config
 .text.HAL_GPIO_Init
                0x08001ebc      0x1c8 Drivers/STM32L4xx_HAL_Driver/Src/stm32l4xx_hal_gpio.o
                0x08001ebc                HAL_GPIO_Init
 .text.HAL_GPIO_ReadPin
                0x08002084        0xe Drivers/STM32L4xx_HAL_Driver/Src/stm32l4xx_hal_gpio.o
                0x08002084                HAL_GPIO_ReadPin
 .text.HAL_GPIO_WritePin
                0x08002092        0xa Drivers/STM32L4xx_HAL_Driver/Src/stm32l4xx_hal_gpio.o
                0x08002092                HAL_GPIO_WritePin
 .text.HAL_GPIO_EXTI_Callback
                0x0800209c        0x2 Drivers/STM32L4xx_HAL_Driver/Src/stm32l4xx_hal_gpio.o
                0x0800209c                HAL_GPIO_EXTI_Callback
 *fill*         0x0800209e        0x2 
 .text.HAL_GPIO_EXTI_IRQHandler
                0x080020a0       0x1c Drivers/STM32L4xx_HAL_Driver/Src/stm32l4xx_hal_gpio.o
                0x080020a0                HAL_GPIO_EXTI_IRQHandler
 .text.I2C_Flush_TXDR
                0x080020bc       0x22 Drivers/STM32L4xx_HAL_Driver/Src/stm32l4xx_hal_i2c.o
 .text.I2C_TransferConfig
                0x080020de       0x36 Drivers/STM32L4xx_HAL_Driver/Src/stm32l4xx_hal_i2c.o
 .text.I2C_IsAcknowledgeFailed
                0x08002114       0x90 Drivers/STM32L4xx_HAL_Driver/Src/stm32l4xx_hal_i2c.o
 .text.I2C_WaitOnTXISFlagUntilTimeout
                0x080021a4       0x56 Drivers/STM32L4xx_HAL_Driver/Src/stm32l4xx_hal_i2c.o
 .text.I2C_WaitOnFlagUntilTimeout
                0x080021fa       0x52 Drivers/STM32L4xx_HAL_Driver/Src/stm32l4xx_hal_i2c.o
 .text.I2C_WaitOnSTOPFlagUntilTimeout
                0x0800224c       0x50 Drivers/STM32L4xx_HAL_Driver/Src/stm32l4xx_hal_i2c.o
 .text.I2C_WaitOnRXNEFlagUntilTimeout
                0x0800229c       0x98 Drivers/STM32L4xx_HAL_Driver/Src/stm32l4xx_hal_i2c.o
 .text.HAL_I2C_Init
                0x08002334       0xbc Drivers/STM32L4xx_HAL_Driver/Src/stm32l4xx_hal_i2c.o
                0x08002334                HAL_I2C_Init
 .text.HAL_I2C_Master_Transmit
                0x080023f0      0x17c Drivers/STM32L4xx_HAL_Driver/Src/stm32l4xx_hal_i2c.o
                0x080023f0                HAL_I2C_Master_Transmit
 .text.HAL_I2C_Master_Receive
                0x0800256c      0x17c Drivers/STM32L4xx_HAL_Driver/Src/stm32l4xx_hal_i2c.o
                0x0800256c                HAL_I2C_Master_Receive
 .text.HAL_I2CEx_ConfigAnalogFilter
                0x080026e8       0x5c Drivers/STM32L4xx_HAL_Driver/Src/stm32l4xx_hal_i2c_ex.o
                0x080026e8                HAL_I2CEx_ConfigAnalogFilter
 .text.HAL_I2CEx_ConfigDigitalFilter
                0x08002744       0x58 Drivers/STM32L4xx_HAL_Driver/Src/stm32l4xx_hal_i2c_ex.o
                0x08002744                HAL_I2CEx_ConfigDigitalFilter
 .text.HAL_PWREx_GetVoltageRange
                0x0800279c       0x10 Drivers/STM32L4xx_HAL_Driver/Src/stm32l4xx_hal_pwr_ex.o
                0x0800279c                HAL_PWREx_GetVoltageRange
 .text.HAL_PWREx_ControlVoltageScaling
                0x080027ac       0x90 Drivers/STM32L4xx_HAL_Driver/Src/stm32l4xx_hal_pwr_ex.o
                0x080027ac                HAL_PWREx_ControlVoltageScaling
 .text.RCC_SetFlashLatencyFromMSIRange
                0x0800283c       0x90 Drivers/STM32L4xx_HAL_Driver/Src/stm32l4xx_hal_rcc.o
 .text.HAL_RCC_GetSysClockFreq
                0x080028cc       0xb4 Drivers/STM32L4xx_HAL_Driver/Src/stm32l4xx_hal_rcc.o
                0x080028cc                HAL_RCC_GetSysClockFreq
 .text.HAL_RCC_OscConfig
                0x08002980      0x638 Drivers/STM32L4xx_HAL_Driver/Src/stm32l4xx_hal_rcc.o
                0x08002980                HAL_RCC_OscConfig
 .text.HAL_RCC_ClockConfig
                0x08002fb8      0x158 Drivers/STM32L4xx_HAL_Driver/Src/stm32l4xx_hal_rcc.o
                0x08002fb8                HAL_RCC_ClockConfig
 .text.RCCEx_PLLSAI1_Config
                0x08003110      0x170 Drivers/STM32L4xx_HAL_Driver/Src/stm32l4xx_hal_rcc_ex.o
 .text.RCCEx_PLLSAI2_Config
                0x08003280      0x14c Drivers/STM32L4xx_HAL_Driver/Src/stm32l4xx_hal_rcc_ex.o
 .text.HAL_RCCEx_PeriphCLKConfig
                0x080033cc      0x450 Drivers/STM32L4xx_HAL_Driver/Src/stm32l4xx_hal_rcc_ex.o
                0x080033cc                HAL_RCCEx_PeriphCLKConfig
 .text.SPI_WaitFlagStateUntilTimeout
                0x0800381c       0xd0 Drivers/STM32L4xx_HAL_Driver/Src/stm32l4xx_hal_spi.o
 .text.SPI_WaitFifoStateUntilTimeout
                0x080038ec       0xdc Drivers/STM32L4xx_HAL_Driver/Src/stm32l4xx_hal_spi.o
 .text.SPI_EndRxTxTransaction
                0x080039c8       0x66 Drivers/STM32L4xx_HAL_Driver/Src/stm32l4xx_hal_spi.o
 .text.HAL_SPI_Init
                0x08003a2e       0xde Drivers/STM32L4xx_HAL_Driver/Src/stm32l4xx_hal_spi.o
                0x08003a2e                HAL_SPI_Init
 .text.HAL_SPI_Transmit
                0x08003b0c      0x1e6 Drivers/STM32L4xx_HAL_Driver/Src/stm32l4xx_hal_spi.o
                0x08003b0c                HAL_SPI_Transmit
 .text.HAL_SPI_TransmitReceive
                0x08003cf2      0x2ce Drivers/STM32L4xx_HAL_Driver/Src/stm32l4xx_hal_spi.o
                0x08003cf2                HAL_SPI_TransmitReceive
 .text.TIM_OC1_SetConfig
                0x08003fc0       0x9c Drivers/STM32L4xx_HAL_Driver/Src/stm32l4xx_hal_tim.o
 .text.TIM_OC3_SetConfig
                0x0800405c       0x8c Drivers/STM32L4xx_HAL_Driver/Src/stm32l4xx_hal_tim.o
 .text.TIM_OC4_SetConfig
                0x080040e8       0x6c Drivers/STM32L4xx_HAL_Driver/Src/stm32l4xx_hal_tim.o
 .text.TIM_OC5_SetConfig
                0x08004154       0x68 Drivers/STM32L4xx_HAL_Driver/Src/stm32l4xx_hal_tim.o
 .text.TIM_OC6_SetConfig
                0x080041bc       0x6c Drivers/STM32L4xx_HAL_Driver/Src/stm32l4xx_hal_tim.o
 .text.HAL_TIM_Base_Start_IT
                0x08004228       0x8c Drivers/STM32L4xx_HAL_Driver/Src/stm32l4xx_hal_tim.o
                0x08004228                HAL_TIM_Base_Start_IT
 .text.HAL_TIM_PeriodElapsedCallback
                0x080042b4        0x2 Drivers/STM32L4xx_HAL_Driver/Src/stm32l4xx_hal_tim.o
                0x080042b4                HAL_TIM_PeriodElapsedCallback
 .text.HAL_TIM_OC_DelayElapsedCallback
                0x080042b6        0x2 Drivers/STM32L4xx_HAL_Driver/Src/stm32l4xx_hal_tim.o
                0x080042b6                HAL_TIM_OC_DelayElapsedCallback
 .text.HAL_TIM_IC_CaptureCallback
                0x080042b8        0x2 Drivers/STM32L4xx_HAL_Driver/Src/stm32l4xx_hal_tim.o
                0x080042b8                HAL_TIM_IC_CaptureCallback
 .text.HAL_TIM_PWM_PulseFinishedCallback
                0x080042ba        0x2 Drivers/STM32L4xx_HAL_Driver/Src/stm32l4xx_hal_tim.o
                0x080042ba                HAL_TIM_PWM_PulseFinishedCallback
 .text.HAL_TIM_TriggerCallback
                0x080042bc        0x2 Drivers/STM32L4xx_HAL_Driver/Src/stm32l4xx_hal_tim.o
                0x080042bc                HAL_TIM_TriggerCallback
 .text.HAL_TIM_IRQHandler
                0x080042be      0x19a Drivers/STM32L4xx_HAL_Driver/Src/stm32l4xx_hal_tim.o
                0x080042be                HAL_TIM_IRQHandler
 .text.TIM_Base_SetConfig
                0x08004458       0xc8 Drivers/STM32L4xx_HAL_Driver/Src/stm32l4xx_hal_tim.o
                0x08004458                TIM_Base_SetConfig
 .text.HAL_TIM_Base_Init
                0x08004520       0x5e Drivers/STM32L4xx_HAL_Driver/Src/stm32l4xx_hal_tim.o
                0x08004520                HAL_TIM_Base_Init
 .text.HAL_TIM_PWM_Init
                0x0800457e       0x5e Drivers/STM32L4xx_HAL_Driver/Src/stm32l4xx_hal_tim.o
                0x0800457e                HAL_TIM_PWM_Init
 .text.TIM_OC2_SetConfig
                0x080045dc       0x8c Drivers/STM32L4xx_HAL_Driver/Src/stm32l4xx_hal_tim.o
                0x080045dc                TIM_OC2_SetConfig
 .text.HAL_TIM_PWM_ConfigChannel
                0x08004668      0x128 Drivers/STM32L4xx_HAL_Driver/Src/stm32l4xx_hal_tim.o
                0x08004668                HAL_TIM_PWM_ConfigChannel
 .text.TIM_CCxChannelCmd
                0x08004790       0x22 Drivers/STM32L4xx_HAL_Driver/Src/stm32l4xx_hal_tim.o
                0x08004790                TIM_CCxChannelCmd
 *fill*         0x080047b2        0x2 
 .text.HAL_TIM_PWM_Start
                0x080047b4      0x16c Drivers/STM32L4xx_HAL_Driver/Src/stm32l4xx_hal_tim.o
                0x080047b4                HAL_TIM_PWM_Start
 .text.HAL_TIMEx_MasterConfigSynchronization
                0x08004920       0x98 Drivers/STM32L4xx_HAL_Driver/Src/stm32l4xx_hal_tim_ex.o
                0x08004920                HAL_TIMEx_MasterConfigSynchronization
 .text.HAL_TIMEx_ConfigBreakDeadTime
                0x080049b8       0x90 Drivers/STM32L4xx_HAL_Driver/Src/stm32l4xx_hal_tim_ex.o
                0x080049b8                HAL_TIMEx_ConfigBreakDeadTime
 .text.HAL_TIMEx_CommutCallback
                0x08004a48        0x2 Drivers/STM32L4xx_HAL_Driver/Src/stm32l4xx_hal_tim_ex.o
                0x08004a48                HAL_TIMEx_CommutCallback
 .text.HAL_TIMEx_BreakCallback
                0x08004a4a        0x2 Drivers/STM32L4xx_HAL_Driver/Src/stm32l4xx_hal_tim_ex.o
                0x08004a4a                HAL_TIMEx_BreakCallback
 .text.HAL_TIMEx_Break2Callback
                0x08004a4c        0x2 Drivers/STM32L4xx_HAL_Driver/Src/stm32l4xx_hal_tim_ex.o
                0x08004a4c                HAL_TIMEx_Break2Callback
 *fill*         0x08004a4e        0x2 
 .text.Reset_Handler
                0x08004a50       0x50 startup/startup_stm32l475xx.o
                0x08004a50                Reset_Handler
 .text.Default_Handler
                0x08004aa0        0x2 startup/startup_stm32l475xx.o
                0x08004aa0                RTC_Alarm_IRQHandler
                0x08004aa0                EXTI2_IRQHandler
                0x08004aa0                TIM8_TRG_COM_IRQHandler
                0x08004aa0                TIM8_CC_IRQHandler
                0x08004aa0                TIM1_CC_IRQHandler
                0x08004aa0                TSC_IRQHandler
                0x08004aa0                TAMP_STAMP_IRQHandler
                0x08004aa0                EXTI3_IRQHandler
                0x08004aa0                LPTIM2_IRQHandler
                0x08004aa0                DFSDM1_FLT1_IRQHandler
                0x08004aa0                I2C3_ER_IRQHandler
                0x08004aa0                DFSDM1_FLT2_IRQHandler
                0x08004aa0                EXTI0_IRQHandler
                0x08004aa0                I2C2_EV_IRQHandler
                0x08004aa0                CAN1_RX0_IRQHandler
                0x08004aa0                FPU_IRQHandler
                0x08004aa0                TIM1_UP_TIM16_IRQHandler
                0x08004aa0                ADC1_2_IRQHandler
                0x08004aa0                SPI1_IRQHandler
                0x08004aa0                TIM8_UP_IRQHandler
                0x08004aa0                DMA2_Channel2_IRQHandler
                0x08004aa0                DMA1_Channel4_IRQHandler
                0x08004aa0                SAI2_IRQHandler
                0x08004aa0                DFSDM1_FLT3_IRQHandler
                0x08004aa0                USART3_IRQHandler
                0x08004aa0                DMA1_Channel7_IRQHandler
                0x08004aa0                CAN1_RX1_IRQHandler
                0x08004aa0                UART5_IRQHandler
                0x08004aa0                ADC3_IRQHandler
                0x08004aa0                TIM4_IRQHandler
                0x08004aa0                DMA2_Channel1_IRQHandler
                0x08004aa0                QUADSPI_IRQHandler
                0x08004aa0                I2C1_EV_IRQHandler
                0x08004aa0                DMA1_Channel6_IRQHandler
                0x08004aa0                UART4_IRQHandler
                0x08004aa0                DMA2_Channel4_IRQHandler
                0x08004aa0                TIM3_IRQHandler
                0x08004aa0                RCC_IRQHandler
                0x08004aa0                DMA1_Channel1_IRQHandler
                0x08004aa0                Default_Handler
                0x08004aa0                DMA2_Channel7_IRQHandler
                0x08004aa0                EXTI15_10_IRQHandler
                0x08004aa0                TIM7_IRQHandler
                0x08004aa0                SDMMC1_IRQHandler
                0x08004aa0                TIM5_IRQHandler
                0x08004aa0                I2C3_EV_IRQHandler
                0x08004aa0                RTC_WKUP_IRQHandler
                0x08004aa0                PVD_PVM_IRQHandler
                0x08004aa0                SPI2_IRQHandler
                0x08004aa0                CAN1_TX_IRQHandler
                0x08004aa0                DMA2_Channel5_IRQHandler
                0x08004aa0                DMA1_Channel5_IRQHandler
                0x08004aa0                EXTI4_IRQHandler
                0x08004aa0                RNG_IRQHandler
                0x08004aa0                TIM1_TRG_COM_TIM17_IRQHandler
                0x08004aa0                DMA1_Channel3_IRQHandler
                0x08004aa0                COMP_IRQHandler
                0x08004aa0                WWDG_IRQHandler
                0x08004aa0                LPUART1_IRQHandler
                0x08004aa0                DMA2_Channel6_IRQHandler
                0x08004aa0                TIM2_IRQHandler
                0x08004aa0                EXTI1_IRQHandler
                0x08004aa0                USART2_IRQHandler
                0x08004aa0                DFSDM1_FLT0_IRQHandler
                0x08004aa0                I2C2_ER_IRQHandler
                0x08004aa0                DMA1_Channel2_IRQHandler
                0x08004aa0                TIM8_BRK_IRQHandler
                0x08004aa0                CAN1_SCE_IRQHandler
                0x08004aa0                FLASH_IRQHandler
                0x08004aa0                USART1_IRQHandler
                0x08004aa0                OTG_FS_IRQHandler
                0x08004aa0                SPI3_IRQHandler
                0x08004aa0                I2C1_ER_IRQHandler
                0x08004aa0                FMC_IRQHandler
                0x08004aa0                SWPMI1_IRQHandler
                0x08004aa0                LPTIM1_IRQHandler
                0x08004aa0                SAI1_IRQHandler
                0x08004aa0                DMA2_Channel3_IRQHandler
                0x08004aa0                TIM1_BRK_TIM15_IRQHandler
 *fill*         0x08004aa2        0x2 
 .text.__errno  0x08004aa4        0xc c:/ac6/systemworkbench/plugins/fr.ac6.mcu.externaltools.arm-none.win32_1.17.0.201812190825/tools/compiler/bin/../lib/gcc/arm-none-eabi/7.3.1/../../../../arm-none-eabi/lib/thumb/v7e-m/fpv4-sp/hard\libc_nano.a(lib_a-errno.o)
                0x08004aa4                __errno
 .text.__libc_init_array
                0x08004ab0       0x48 c:/ac6/systemworkbench/plugins/fr.ac6.mcu.externaltools.arm-none.win32_1.17.0.201812190825/tools/compiler/bin/../lib/gcc/arm-none-eabi/7.3.1/../../../../arm-none-eabi/lib/thumb/v7e-m/fpv4-sp/hard\libc_nano.a(lib_a-init.o)
                0x08004ab0                __libc_init_array
 .text.malloc   0x08004af8       0x10 c:/ac6/systemworkbench/plugins/fr.ac6.mcu.externaltools.arm-none.win32_1.17.0.201812190825/tools/compiler/bin/../lib/gcc/arm-none-eabi/7.3.1/../../../../arm-none-eabi/lib/thumb/v7e-m/fpv4-sp/hard\libc_nano.a(lib_a-malloc.o)
                0x08004af8                malloc
 .text.free     0x08004b08       0x10 c:/ac6/systemworkbench/plugins/fr.ac6.mcu.externaltools.arm-none.win32_1.17.0.201812190825/tools/compiler/bin/../lib/gcc/arm-none-eabi/7.3.1/../../../../arm-none-eabi/lib/thumb/v7e-m/fpv4-sp/hard\libc_nano.a(lib_a-malloc.o)
                0x08004b08                free
 .text.memcpy   0x08004b18       0x16 c:/ac6/systemworkbench/plugins/fr.ac6.mcu.externaltools.arm-none.win32_1.17.0.201812190825/tools/compiler/bin/../lib/gcc/arm-none-eabi/7.3.1/../../../../arm-none-eabi/lib/thumb/v7e-m/fpv4-sp/hard\libc_nano.a(lib_a-memcpy-stub.o)
                0x08004b18                memcpy
 .text.memset   0x08004b2e       0x10 c:/ac6/systemworkbench/plugins/fr.ac6.mcu.externaltools.arm-none.win32_1.17.0.201812190825/tools/compiler/bin/../lib/gcc/arm-none-eabi/7.3.1/../../../../arm-none-eabi/lib/thumb/v7e-m/fpv4-sp/hard\libc_nano.a(lib_a-memset.o)
                0x08004b2e                memset
 *fill*         0x08004b3e        0x2 
 .text._free_r  0x08004b40       0x9c c:/ac6/systemworkbench/plugins/fr.ac6.mcu.externaltools.arm-none.win32_1.17.0.201812190825/tools/compiler/bin/../lib/gcc/arm-none-eabi/7.3.1/../../../../arm-none-eabi/lib/thumb/v7e-m/fpv4-sp/hard\libc_nano.a(lib_a-nano-freer.o)
                0x08004b40                _free_r
 .text._malloc_r
                0x08004bdc       0xb4 c:/ac6/systemworkbench/plugins/fr.ac6.mcu.externaltools.arm-none.win32_1.17.0.201812190825/tools/compiler/bin/../lib/gcc/arm-none-eabi/7.3.1/../../../../arm-none-eabi/lib/thumb/v7e-m/fpv4-sp/hard\libc_nano.a(lib_a-nano-mallocr.o)
                0x08004bdc                _malloc_r
 .text._sbrk_r  0x08004c90       0x20 c:/ac6/systemworkbench/plugins/fr.ac6.mcu.externaltools.arm-none.win32_1.17.0.201812190825/tools/compiler/bin/../lib/gcc/arm-none-eabi/7.3.1/../../../../arm-none-eabi/lib/thumb/v7e-m/fpv4-sp/hard\libc_nano.a(lib_a-sbrkr.o)
                0x08004c90                _sbrk_r
 .text.__malloc_lock
                0x08004cb0        0x2 c:/ac6/systemworkbench/plugins/fr.ac6.mcu.externaltools.arm-none.win32_1.17.0.201812190825/tools/compiler/bin/../lib/gcc/arm-none-eabi/7.3.1/../../../../arm-none-eabi/lib/thumb/v7e-m/fpv4-sp/hard\libc_nano.a(lib_a-mlock.o)
                0x08004cb0                __malloc_lock
 .text.__malloc_unlock
                0x08004cb2        0x2 c:/ac6/systemworkbench/plugins/fr.ac6.mcu.externaltools.arm-none.win32_1.17.0.201812190825/tools/compiler/bin/../lib/gcc/arm-none-eabi/7.3.1/../../../../arm-none-eabi/lib/thumb/v7e-m/fpv4-sp/hard\libc_nano.a(lib_a-mlock.o)
                0x08004cb2                __malloc_unlock
 *(.glue_7)
 .glue_7        0x08004cb4        0x0 linker stubs
 *(.glue_7t)
 .glue_7t       0x08004cb4        0x0 linker stubs
 *(.eh_frame)
 .eh_frame      0x08004cb4        0x0 c:/ac6/systemworkbench/plugins/fr.ac6.mcu.externaltools.arm-none.win32_1.17.0.201812190825/tools/compiler/bin/../lib/gcc/arm-none-eabi/7.3.1/thumb/v7e-m/fpv4-sp/hard/crtbegin.o
 *(.init)
 .init          0x08004cb4        0x4 c:/ac6/systemworkbench/plugins/fr.ac6.mcu.externaltools.arm-none.win32_1.17.0.201812190825/tools/compiler/bin/../lib/gcc/arm-none-eabi/7.3.1/thumb/v7e-m/fpv4-sp/hard/crti.o
                0x08004cb4                _init
 .init          0x08004cb8        0x8 c:/ac6/systemworkbench/plugins/fr.ac6.mcu.externaltools.arm-none.win32_1.17.0.201812190825/tools/compiler/bin/../lib/gcc/arm-none-eabi/7.3.1/thumb/v7e-m/fpv4-sp/hard/crtn.o
 *(.fini)
 .fini          0x08004cc0        0x4 c:/ac6/systemworkbench/plugins/fr.ac6.mcu.externaltools.arm-none.win32_1.17.0.201812190825/tools/compiler/bin/../lib/gcc/arm-none-eabi/7.3.1/thumb/v7e-m/fpv4-sp/hard/crti.o
                0x08004cc0                _fini
 .fini          0x08004cc4        0x8 c:/ac6/systemworkbench/plugins/fr.ac6.mcu.externaltools.arm-none.win32_1.17.0.201812190825/tools/compiler/bin/../lib/gcc/arm-none-eabi/7.3.1/thumb/v7e-m/fpv4-sp/hard/crtn.o
                0x08004cd0                . = ALIGN (0x8)
 *fill*         0x08004ccc        0x4 
                0x08004cd0                _etext = .

.vfp11_veneer   0x08004cd0        0x0
 .vfp11_veneer  0x08004cd0        0x0 linker stubs

.v4_bx          0x08004cd0        0x0
 .v4_bx         0x08004cd0        0x0 linker stubs

.iplt           0x08004cd0        0x0
 .iplt          0x08004cd0        0x0 c:/ac6/systemworkbench/plugins/fr.ac6.mcu.externaltools.arm-none.win32_1.17.0.201812190825/tools/compiler/bin/../lib/gcc/arm-none-eabi/7.3.1/thumb/v7e-m/fpv4-sp/hard/crtbegin.o

.rodata         0x08004cd0       0x58
                0x08004cd0                . = ALIGN (0x8)
 *(.rodata)
 .rodata        0x08004cd0        0xa Core/Src/sensors.o
 *fill*         0x08004cda        0x2 
 .rodata        0x08004cdc       0x48 Core/Src/system_stm32l4xx.o
                0x08004cdc                MSIRangeTable
                0x08004d0c                AHBPrescTable
                0x08004d1c                APBPrescTable
 *(.rodata*)
                0x08004d28                . = ALIGN (0x8)
 *fill*         0x08004d24        0x4 

.rel.dyn        0x08004d28        0x0
 .rel.iplt      0x08004d28        0x0 c:/ac6/systemworkbench/plugins/fr.ac6.mcu.externaltools.arm-none.win32_1.17.0.201812190825/tools/compiler/bin/../lib/gcc/arm-none-eabi/7.3.1/thumb/v7e-m/fpv4-sp/hard/crtbegin.o

.ARM.extab      0x08004d28        0x0
                0x08004d28                . = ALIGN (0x8)
 *(.ARM.extab* .gnu.linkonce.armextab.*)
                0x08004d28                . = ALIGN (0x8)

.ARM            0x08004d28        0x0
                0x08004d28                . = ALIGN (0x8)
                0x08004d28                __exidx_start = .
 *(.ARM.exidx*)
                0x08004d28                __exidx_end = .
                0x08004d28                . = ALIGN (0x8)

.preinit_array  0x08004d28        0x0
                0x08004d28                . = ALIGN (0x8)
                0x08004d28                PROVIDE (__preinit_array_start = .)
 *(.preinit_array*)
                0x08004d28                PROVIDE (__preinit_array_end = .)
                0x08004d28                . = ALIGN (0x8)

.init_array     0x08004d28        0x8
                0x08004d28                . = ALIGN (0x8)
                0x08004d28                PROVIDE (__init_array_start = .)
 *(SORT_BY_NAME(.init_array.*))
 *(.init_array*)
 .init_array    0x08004d28        0x4 c:/ac6/systemworkbench/plugins/fr.ac6.mcu.externaltools.arm-none.win32_1.17.0.201812190825/tools/compiler/bin/../lib/gcc/arm-none-eabi/7.3.1/thumb/v7e-m/fpv4-sp/hard/crtbegin.o
                0x08004d2c                PROVIDE (__init_array_end = .)
                0x08004d30                . = ALIGN (0x8)
 *fill*         0x08004d2c        0x4 

.fini_array     0x08004d30        0x8
                0x08004d30                . = ALIGN (0x8)
                [!provide]                PROVIDE (__fini_array_start = .)
 *(SORT_BY_NAME(.fini_array.*))
 *(.fini_array*)
 .fini_array    0x08004d30        0x4 c:/ac6/systemworkbench/plugins/fr.ac6.mcu.externaltools.arm-none.win32_1.17.0.201812190825/tools/compiler/bin/../lib/gcc/arm-none-eabi/7.3.1/thumb/v7e-m/fpv4-sp/hard/crtbegin.o
                [!provide]                PROVIDE (__fini_array_end = .)
                0x08004d38                . = ALIGN (0x8)
 *fill*         0x08004d34        0x4 
                0x08004d38                _sidata = LOADADDR (.data)

.data           0x20000000      0x468 load address 0x08004d38
                0x20000000                . = ALIGN (0x8)
                0x20000000                _sdata = .
 *(.data)
 .data          0x20000000      0x3f6 Core/Src/enable.o
                0x20000000                deviceName
                0x20000010                ACI_GAP_SET_DISCOVERABLE
                0x20000020                ACI_GAP_SET_DISCOVERABLE_COMPLETE
                0x20000028                EVENT_DISCONNECTED
                0x2000002c                ADD_CUSTOM_SERVICE
                0x20000044                ADD_CUSTOM_SERVICE_COMPLETE
                0x2000004c                ADD_CUSTOM_CHAR
                0x2000006c                ADD_CUSTOM_CHAR_COMPLETE
                0x20000074                UPDATE_CHAR
                0x20000084                EVENT_STATUP_DATA
                0x2000008c                ACI_GATT_INIT_COMPLETE
                0x20000094                ACI_GATT_INIT
                0x20000098                ACI_GAP_INIT_COMPLETE
                0x200000a0                ACI_GAP_INIT
                0x200000a8                ACI_GAP_SET_AUTH_RESP
                0x200000b0                ACI_GAP_SET_AUTH
                0x200000c0                ACI_HAL_SET_TX_POWER_LEVEL_COMPLETE
                0x200000c8                ACI_HAL_SET_TX_POWER_LEVEL
                0x200000d0                HCI_LE_SET_SCAN_RESPONSE_DATA_COMPLETE
                0x200000d8                HCI_LE_SET_SCAN_RESPONSE_DATA
                0x200000fc                UUID_SERVICE_1
                0x2000010c                UUID_CHAR_1
                0x2000011c                VALUE1
                0x20000134                UUID_CHAR_TEMP
                0x20000144                VALUE_TEMP
                0x20000158                UUID_CHAR_HUM
                0x20000168                VALUE_HUM
                0x20000178                UUID_CHAR_PRESS
                0x20000188                VALUE_PRESS
                0x2000019c                UUID_CHAR_TOF_VALUE
                0x200001ac                TOF_VALUE
                0x200001c0                UUID_INERTIAL_SERVICE
                0x200001d0                UUID_CHAR_INERTIAL_NAME
                0x200001e0                NAME_INERTIAL_VALUE
                0x200001f8                UUID_CHAR_INERTIAL_ACCX
                0x20000208                ACCX_INERTIAL_VALUE
                0x2000021c                UUID_CHAR_INERTIAL_ACCY
                0x2000022c                ACCY_INERTIAL_VALUE
                0x20000240                UUID_CHAR_INERTIAL_ACCZ
                0x20000250                ACCZ_INERTIAL_VALUE
                0x20000264                UUID_MAGNETIC_SERVICE
                0x20000274                UUID_CHAR_MAGNETIC_NAME
                0x20000284                NAME_MAGNETIC_VALUE
                0x2000029c                UUID_CHAR_MAGNETIC_MAGX
                0x200002ac                X_VALUE
                0x200002c0                UUID_CHAR_MAGNETIC_MAGY
                0x200002d0                Y_VALUE
                0x200002e4                UUID_CHAR_MAGNETIC_MAGZ
                0x200002f4                Z_VALUE
                0x20000308                NAME_TOF_VALUE
                0x20000320                UUID_CHAR_TOF_NAME
                0x20000330                UUID_TOF_SERVICE
                0x20000340                UUID_CHAR_GYROSCOPE_GYROZ
                0x20000350                UUID_CHAR_GYROSCOPE_GYROY
                0x20000360                UUID_CHAR_GYROSCOPE_GYROX
                0x20000370                NAME_GYROSCOPE_VALUE
                0x20000384                UUID_CHAR_GYROSCOPE_NAME
                0x20000394                UUID_GYROSCOPE_SERVICE
                0x200003a4                MIC_VALUE
                0x200003bc                VALUE2
                0x200003d4                UUID_CHAR_2
                0x200003e4                ACI_GATT_UPDATE_CHAR_COMPLETE
                0x200003ec                ACI_GATT_UPDATE_CHAR_VALUE
 *fill*         0x200003f6        0x2 
 .data          0x200003f8        0x4 Core/Src/system_stm32l4xx.o
                0x200003f8                SystemCoreClock
 .data          0x200003fc        0x8 Drivers/STM32L4xx_HAL_Driver/Src/stm32l4xx_hal.o
                0x200003fc                uwTickFreq
                0x20000400                uwTickPrio
 *(.data*)
 .data._impure_ptr
                0x20000404        0x4 c:/ac6/systemworkbench/plugins/fr.ac6.mcu.externaltools.arm-none.win32_1.17.0.201812190825/tools/compiler/bin/../lib/gcc/arm-none-eabi/7.3.1/../../../../arm-none-eabi/lib/thumb/v7e-m/fpv4-sp/hard\libc_nano.a(lib_a-impure.o)
                0x20000404                _impure_ptr
 .data.impure_data
                0x20000408       0x60 c:/ac6/systemworkbench/plugins/fr.ac6.mcu.externaltools.arm-none.win32_1.17.0.201812190825/tools/compiler/bin/../lib/gcc/arm-none-eabi/7.3.1/../../../../arm-none-eabi/lib/thumb/v7e-m/fpv4-sp/hard\libc_nano.a(lib_a-impure.o)
                0x20000468                . = ALIGN (0x8)
                0x20000468                _edata = .

.igot.plt       0x20000468        0x0 load address 0x080051a0
 .igot.plt      0x20000468        0x0 c:/ac6/systemworkbench/plugins/fr.ac6.mcu.externaltools.arm-none.win32_1.17.0.201812190825/tools/compiler/bin/../lib/gcc/arm-none-eabi/7.3.1/thumb/v7e-m/fpv4-sp/hard/crtbegin.o
                0x20000468                . = ALIGN (0x4)

.bss            0x20000468      0x314 load address 0x080051a0
                0x20000468                _sbss = .
                0x20000468                __bss_start__ = _sbss
 *(.bss)
 .bss           0x20000468       0x1c c:/ac6/systemworkbench/plugins/fr.ac6.mcu.externaltools.arm-none.win32_1.17.0.201812190825/tools/compiler/bin/../lib/gcc/arm-none-eabi/7.3.1/thumb/v7e-m/fpv4-sp/hard/crtbegin.o
 .bss           0x20000484        0x2 Core/Src/enable.o
                0x20000484                stackInitCompleteFlag
 *fill*         0x20000486        0x2 
 .bss           0x20000488        0x8 Core/Src/main.o
                0x20000488                update
                0x2000048c                dataAvailable
 .bss           0x20000490       0x1c Core/Src/sensors.o
                0x20000490                T_C0
                0x20000494                T_C1
                0x20000498                T_C0_lsb
                0x2000049a                T_C1_lsb
                0x2000049c                m
                0x200004a0                H_0
                0x200004a1                H_1
                0x200004a2                H_0_lsb
                0x200004a4                H_1_lsb
                0x200004a8                mh
 .bss           0x200004ac        0x8 Core/Src/syscalls.o
                0x200004b0                __env
 *(.bss*)
 .bss.__malloc_free_list
                0x200004b4        0x4 c:/ac6/systemworkbench/plugins/fr.ac6.mcu.externaltools.arm-none.win32_1.17.0.201812190825/tools/compiler/bin/../lib/gcc/arm-none-eabi/7.3.1/../../../../arm-none-eabi/lib/thumb/v7e-m/fpv4-sp/hard\libc_nano.a(lib_a-nano-mallocr.o)
                0x200004b4                __malloc_free_list
 .bss.__malloc_sbrk_start
                0x200004b8        0x4 c:/ac6/systemworkbench/plugins/fr.ac6.mcu.externaltools.arm-none.win32_1.17.0.201812190825/tools/compiler/bin/../lib/gcc/arm-none-eabi/7.3.1/../../../../arm-none-eabi/lib/thumb/v7e-m/fpv4-sp/hard\libc_nano.a(lib_a-nano-mallocr.o)
                0x200004b8                __malloc_sbrk_start
 *(COMMON)
 COMMON         0x200004bc      0x16e Core/Src/enable.o
                0x200004bc                PRESS_CHAR_HANDLE
                0x200004c0                ACCY_CHAR_HANDLE
                0x200004c4                CUSTOM_SERVICE_HANDLE
                0x200004c8                MAGZ_CHAR_HANDLE
                0x200004cc                MAGNETIC_SERVICE_HANDLE
                0x200004d0                CUSTOM_CHAR_HANDLE
                0x200004d4                GAP_SERVICE_HANDLE
                0x200004d8                NAME_INERTIAL_HANDLE
                0x200004dc                TOF_CHAR_HANDLE
                0x200004e0                TEMP_CHAR_HANDLE
                0x200004e4                TOF_SERVICE_HANDLE
                0x200004e8                GYROZ_CHAR_HANDLE
                0x200004ec                GYROSCOPE_SERVICE_HANDLE
                0x200004f0                HUM_CHAR_HANDLE
                0x200004f4                NAME_GYROSCOPE_HANDLE
                0x200004f8                NAME_TOF_HANDLE
                0x200004fc                NAME_MAGNETIC_HANDLE
                0x20000500                buffer
                0x20000600                GAP_CHAR_APP_HANDLE
                0x20000604                MAGY_CHAR_HANDLE
                0x20000608                MIC_CHAR_HANDLE
                0x2000060c                MAGX_CHAR_HANDLE
                0x20000610                ACCZ_CHAR_HANDLE
                0x20000614                INERTIAL_SERVICE_HANDLE
                0x20000618                rxEvent
                0x2000061c                GYROY_CHAR_HANDLE
                0x20000620                GYROX_CHAR_HANDLE
                0x20000624                GAP_CHAR_NAME_HANDLE
                0x20000628                ACCX_CHAR_HANDLE
 *fill*         0x2000062a        0x2 
 COMMON         0x2000062c      0x148 Core/Src/main.o
                0x2000062c                htim15
                0x20000678                hi2c2
                0x200006c4                hspi3
                0x20000728                htim6
 COMMON         0x20000774        0x4 Drivers/STM32L4xx_HAL_Driver/Src/stm32l4xx_hal.o
                0x20000774                uwTick
 COMMON         0x20000778        0x4 c:/ac6/systemworkbench/plugins/fr.ac6.mcu.externaltools.arm-none.win32_1.17.0.201812190825/tools/compiler/bin/../lib/gcc/arm-none-eabi/7.3.1/../../../../arm-none-eabi/lib/thumb/v7e-m/fpv4-sp/hard\libc_nano.a(lib_a-reent.o)
                0x20000778                errno
                0x2000077c                . = ALIGN (0x4)
                0x2000077c                _ebss = .
                0x2000077c                __bss_end__ = _ebss

._user_heap_stack
                0x2000077c      0x604 load address 0x080051a0
                0x20000780                . = ALIGN (0x8)
 *fill*         0x2000077c        0x4 
                0x20000780                PROVIDE (end = .)
                [!provide]                PROVIDE (_end = .)
                0x20000980                . = (. + _Min_Heap_Size)
 *fill*         0x20000780      0x200 
                0x20000d80                . = (. + _Min_Stack_Size)
 *fill*         0x20000980      0x400 
                0x20000d80                . = ALIGN (0x8)

/DISCARD/
 libc.a(*)
 libm.a(*)
 libgcc.a(*)

.ARM.attributes
                0x00000000       0x30
 *(.ARM.attributes)
 .ARM.attributes
                0x00000000       0x22 c:/ac6/systemworkbench/plugins/fr.ac6.mcu.externaltools.arm-none.win32_1.17.0.201812190825/tools/compiler/bin/../lib/gcc/arm-none-eabi/7.3.1/thumb/v7e-m/fpv4-sp/hard/crti.o
 .ARM.attributes
                0x00000022       0x34 c:/ac6/systemworkbench/plugins/fr.ac6.mcu.externaltools.arm-none.win32_1.17.0.201812190825/tools/compiler/bin/../lib/gcc/arm-none-eabi/7.3.1/thumb/v7e-m/fpv4-sp/hard/crtbegin.o
 .ARM.attributes
                0x00000056       0x39 Core/Src/enable.o
 .ARM.attributes
                0x0000008f       0x39 Core/Src/main.o
 .ARM.attributes
                0x000000c8       0x39 Core/Src/sensors.o
 .ARM.attributes
                0x00000101       0x39 Core/Src/stm32l4xx_hal_msp.o
 .ARM.attributes
                0x0000013a       0x39 Core/Src/stm32l4xx_it.o
 .ARM.attributes
                0x00000173       0x39 Core/Src/syscalls.o
 .ARM.attributes
                0x000001ac       0x39 Core/Src/system_stm32l4xx.o
 .ARM.attributes
                0x000001e5       0x39 Drivers/STM32L4xx_HAL_Driver/Src/stm32l4xx_hal.o
 .ARM.attributes
                0x0000021e       0x39 Drivers/STM32L4xx_HAL_Driver/Src/stm32l4xx_hal_cortex.o
 .ARM.attributes
                0x00000257       0x39 Drivers/STM32L4xx_HAL_Driver/Src/stm32l4xx_hal_gpio.o
 .ARM.attributes
                0x00000290       0x39 Drivers/STM32L4xx_HAL_Driver/Src/stm32l4xx_hal_i2c.o
 .ARM.attributes
                0x000002c9       0x39 Drivers/STM32L4xx_HAL_Driver/Src/stm32l4xx_hal_i2c_ex.o
 .ARM.attributes
                0x00000302       0x39 Drivers/STM32L4xx_HAL_Driver/Src/stm32l4xx_hal_pwr_ex.o
 .ARM.attributes
                0x0000033b       0x39 Drivers/STM32L4xx_HAL_Driver/Src/stm32l4xx_hal_rcc.o
 .ARM.attributes
                0x00000374       0x39 Drivers/STM32L4xx_HAL_Driver/Src/stm32l4xx_hal_rcc_ex.o
 .ARM.attributes
                0x000003ad       0x39 Drivers/STM32L4xx_HAL_Driver/Src/stm32l4xx_hal_spi.o
 .ARM.attributes
                0x000003e6       0x39 Drivers/STM32L4xx_HAL_Driver/Src/stm32l4xx_hal_tim.o
 .ARM.attributes
                0x0000041f       0x39 Drivers/STM32L4xx_HAL_Driver/Src/stm32l4xx_hal_tim_ex.o
 .ARM.attributes
                0x00000458       0x21 startup/startup_stm32l475xx.o
 .ARM.attributes
                0x00000479       0x34 c:/ac6/systemworkbench/plugins/fr.ac6.mcu.externaltools.arm-none.win32_1.17.0.201812190825/tools/compiler/bin/../lib/gcc/arm-none-eabi/7.3.1/../../../../arm-none-eabi/lib/thumb/v7e-m/fpv4-sp/hard\libc_nano.a(lib_a-errno.o)
 .ARM.attributes
                0x000004ad       0x34 c:/ac6/systemworkbench/plugins/fr.ac6.mcu.externaltools.arm-none.win32_1.17.0.201812190825/tools/compiler/bin/../lib/gcc/arm-none-eabi/7.3.1/../../../../arm-none-eabi/lib/thumb/v7e-m/fpv4-sp/hard\libc_nano.a(lib_a-impure.o)
 .ARM.attributes
                0x000004e1       0x34 c:/ac6/systemworkbench/plugins/fr.ac6.mcu.externaltools.arm-none.win32_1.17.0.201812190825/tools/compiler/bin/../lib/gcc/arm-none-eabi/7.3.1/../../../../arm-none-eabi/lib/thumb/v7e-m/fpv4-sp/hard\libc_nano.a(lib_a-init.o)
 .ARM.attributes
                0x00000515       0x34 c:/ac6/systemworkbench/plugins/fr.ac6.mcu.externaltools.arm-none.win32_1.17.0.201812190825/tools/compiler/bin/../lib/gcc/arm-none-eabi/7.3.1/../../../../arm-none-eabi/lib/thumb/v7e-m/fpv4-sp/hard\libc_nano.a(lib_a-malloc.o)
 .ARM.attributes
                0x00000549       0x34 c:/ac6/systemworkbench/plugins/fr.ac6.mcu.externaltools.arm-none.win32_1.17.0.201812190825/tools/compiler/bin/../lib/gcc/arm-none-eabi/7.3.1/../../../../arm-none-eabi/lib/thumb/v7e-m/fpv4-sp/hard\libc_nano.a(lib_a-memcpy-stub.o)
 .ARM.attributes
                0x0000057d       0x34 c:/ac6/systemworkbench/plugins/fr.ac6.mcu.externaltools.arm-none.win32_1.17.0.201812190825/tools/compiler/bin/../lib/gcc/arm-none-eabi/7.3.1/../../../../arm-none-eabi/lib/thumb/v7e-m/fpv4-sp/hard\libc_nano.a(lib_a-memset.o)
 .ARM.attributes
                0x000005b1       0x34 c:/ac6/systemworkbench/plugins/fr.ac6.mcu.externaltools.arm-none.win32_1.17.0.201812190825/tools/compiler/bin/../lib/gcc/arm-none-eabi/7.3.1/../../../../arm-none-eabi/lib/thumb/v7e-m/fpv4-sp/hard\libc_nano.a(lib_a-nano-freer.o)
 .ARM.attributes
                0x000005e5       0x34 c:/ac6/systemworkbench/plugins/fr.ac6.mcu.externaltools.arm-none.win32_1.17.0.201812190825/tools/compiler/bin/../lib/gcc/arm-none-eabi/7.3.1/../../../../arm-none-eabi/lib/thumb/v7e-m/fpv4-sp/hard\libc_nano.a(lib_a-nano-mallocr.o)
 .ARM.attributes
                0x00000619       0x34 c:/ac6/systemworkbench/plugins/fr.ac6.mcu.externaltools.arm-none.win32_1.17.0.201812190825/tools/compiler/bin/../lib/gcc/arm-none-eabi/7.3.1/../../../../arm-none-eabi/lib/thumb/v7e-m/fpv4-sp/hard\libc_nano.a(lib_a-sbrkr.o)
 .ARM.attributes
                0x0000064d       0x34 c:/ac6/systemworkbench/plugins/fr.ac6.mcu.externaltools.arm-none.win32_1.17.0.201812190825/tools/compiler/bin/../lib/gcc/arm-none-eabi/7.3.1/../../../../arm-none-eabi/lib/thumb/v7e-m/fpv4-sp/hard\libc_nano.a(lib_a-mlock.o)
 .ARM.attributes
                0x00000681       0x34 c:/ac6/systemworkbench/plugins/fr.ac6.mcu.externaltools.arm-none.win32_1.17.0.201812190825/tools/compiler/bin/../lib/gcc/arm-none-eabi/7.3.1/../../../../arm-none-eabi/lib/thumb/v7e-m/fpv4-sp/hard\libc_nano.a(lib_a-reent.o)
 .ARM.attributes
                0x000006b5       0x22 c:/ac6/systemworkbench/plugins/fr.ac6.mcu.externaltools.arm-none.win32_1.17.0.201812190825/tools/compiler/bin/../lib/gcc/arm-none-eabi/7.3.1/thumb/v7e-m/fpv4-sp/hard/crtn.o
OUTPUT(IOT-BLE.elf elf32-littlearm)

.debug_info     0x00000000    0x1b6da
 .debug_info    0x00000000     0x2932 Core/Src/enable.o
 .debug_info    0x00002932     0x23b7 Core/Src/main.o
 .debug_info    0x00004ce9     0x245c Core/Src/sensors.o
 .debug_info    0x00007145     0x164f Core/Src/stm32l4xx_hal_msp.o
 .debug_info    0x00008794      0x963 Core/Src/stm32l4xx_it.o
 .debug_info    0x000090f7      0xfd3 Core/Src/syscalls.o
 .debug_info    0x0000a0ca      0x72d Core/Src/system_stm32l4xx.o
 .debug_info    0x0000a7f7      0xcdd Drivers/STM32L4xx_HAL_Driver/Src/stm32l4xx_hal.o
 .debug_info    0x0000b4d4     0x10cb Drivers/STM32L4xx_HAL_Driver/Src/stm32l4xx_hal_cortex.o
 .debug_info    0x0000c59f      0x9ca Drivers/STM32L4xx_HAL_Driver/Src/stm32l4xx_hal_gpio.o
 .debug_info    0x0000cf69     0x3b4f Drivers/STM32L4xx_HAL_Driver/Src/stm32l4xx_hal_i2c.o
 .debug_info    0x00010ab8      0xb7b Drivers/STM32L4xx_HAL_Driver/Src/stm32l4xx_hal_i2c_ex.o
 .debug_info    0x00011633      0xbad Drivers/STM32L4xx_HAL_Driver/Src/stm32l4xx_hal_pwr_ex.o
 .debug_info    0x000121e0      0xf6d Drivers/STM32L4xx_HAL_Driver/Src/stm32l4xx_hal_rcc.o
 .debug_info    0x0001314d     0x12d4 Drivers/STM32L4xx_HAL_Driver/Src/stm32l4xx_hal_rcc_ex.o
 .debug_info    0x00014421     0x1feb Drivers/STM32L4xx_HAL_Driver/Src/stm32l4xx_hal_spi.o
 .debug_info    0x0001640c     0x3807 Drivers/STM32L4xx_HAL_Driver/Src/stm32l4xx_hal_tim.o
 .debug_info    0x00019c13     0x1aa5 Drivers/STM32L4xx_HAL_Driver/Src/stm32l4xx_hal_tim_ex.o
 .debug_info    0x0001b6b8       0x22 startup/startup_stm32l475xx.o

.debug_abbrev   0x00000000     0x2916
 .debug_abbrev  0x00000000      0x309 Core/Src/enable.o
 .debug_abbrev  0x00000309      0x294 Core/Src/main.o
 .debug_abbrev  0x0000059d      0x358 Core/Src/sensors.o
 .debug_abbrev  0x000008f5      0x224 Core/Src/stm32l4xx_hal_msp.o
 .debug_abbrev  0x00000b19      0x18f Core/Src/stm32l4xx_it.o
 .debug_abbrev  0x00000ca8      0x2d4 Core/Src/syscalls.o
 .debug_abbrev  0x00000f7c      0x150 Core/Src/system_stm32l4xx.o
 .debug_abbrev  0x000010cc      0x209 Drivers/STM32L4xx_HAL_Driver/Src/stm32l4xx_hal.o
 .debug_abbrev  0x000012d5      0x328 Drivers/STM32L4xx_HAL_Driver/Src/stm32l4xx_hal_cortex.o
 .debug_abbrev  0x000015fd      0x1de Drivers/STM32L4xx_HAL_Driver/Src/stm32l4xx_hal_gpio.o
 .debug_abbrev  0x000017db      0x25d Drivers/STM32L4xx_HAL_Driver/Src/stm32l4xx_hal_i2c.o
 .debug_abbrev  0x00001a38      0x1b9 Drivers/STM32L4xx_HAL_Driver/Src/stm32l4xx_hal_i2c_ex.o
 .debug_abbrev  0x00001bf1      0x1f5 Drivers/STM32L4xx_HAL_Driver/Src/stm32l4xx_hal_pwr_ex.o
 .debug_abbrev  0x00001de6      0x21f Drivers/STM32L4xx_HAL_Driver/Src/stm32l4xx_hal_rcc.o
 .debug_abbrev  0x00002005      0x24c Drivers/STM32L4xx_HAL_Driver/Src/stm32l4xx_hal_rcc_ex.o
 .debug_abbrev  0x00002251      0x238 Drivers/STM32L4xx_HAL_Driver/Src/stm32l4xx_hal_spi.o
 .debug_abbrev  0x00002489      0x235 Drivers/STM32L4xx_HAL_Driver/Src/stm32l4xx_hal_tim.o
 .debug_abbrev  0x000026be      0x246 Drivers/STM32L4xx_HAL_Driver/Src/stm32l4xx_hal_tim_ex.o
 .debug_abbrev  0x00002904       0x12 startup/startup_stm32l475xx.o

.debug_loc      0x00000000    0x11632
 .debug_loc     0x00000000      0x7f3 Core/Src/enable.o
 .debug_loc     0x000007f3       0x1f Core/Src/main.o
 .debug_loc     0x00000812      0x264 Core/Src/sensors.o
 .debug_loc     0x00000a76      0x164 Core/Src/stm32l4xx_hal_msp.o
 .debug_loc     0x00000bda      0x3af Core/Src/syscalls.o
 .debug_loc     0x00000f89      0x1b8 Core/Src/system_stm32l4xx.o
 .debug_loc     0x00001141      0x20b Drivers/STM32L4xx_HAL_Driver/Src/stm32l4xx_hal.o
 .debug_loc     0x0000134c      0x5ce Drivers/STM32L4xx_HAL_Driver/Src/stm32l4xx_hal_cortex.o
 .debug_loc     0x0000191a      0x2d3 Drivers/STM32L4xx_HAL_Driver/Src/stm32l4xx_hal_gpio.o
 .debug_loc     0x00001bed     0x4565 Drivers/STM32L4xx_HAL_Driver/Src/stm32l4xx_hal_i2c.o
 .debug_loc     0x00006152      0x204 Drivers/STM32L4xx_HAL_Driver/Src/stm32l4xx_hal_i2c_ex.o
 .debug_loc     0x00006356      0x99a Drivers/STM32L4xx_HAL_Driver/Src/stm32l4xx_hal_pwr_ex.o
 .debug_loc     0x00006cf0      0x656 Drivers/STM32L4xx_HAL_Driver/Src/stm32l4xx_hal_rcc.o
 .debug_loc     0x00007346     0x1c32 Drivers/STM32L4xx_HAL_Driver/Src/stm32l4xx_hal_rcc_ex.o
 .debug_loc     0x00008f78     0x1b50 Drivers/STM32L4xx_HAL_Driver/Src/stm32l4xx_hal_spi.o
 .debug_loc     0x0000aac8     0x4a7e Drivers/STM32L4xx_HAL_Driver/Src/stm32l4xx_hal_tim.o
 .debug_loc     0x0000f546     0x20ec Drivers/STM32L4xx_HAL_Driver/Src/stm32l4xx_hal_tim_ex.o

.debug_aranges  0x00000000     0x1200
 .debug_aranges
                0x00000000       0x78 Core/Src/enable.o
 .debug_aranges
                0x00000078       0x58 Core/Src/main.o
 .debug_aranges
                0x000000d0       0x80 Core/Src/sensors.o
 .debug_aranges
                0x00000150       0x68 Core/Src/stm32l4xx_hal_msp.o
 .debug_aranges
                0x000001b8       0x70 Core/Src/stm32l4xx_it.o
 .debug_aranges
                0x00000228       0xb0 Core/Src/syscalls.o
 .debug_aranges
                0x000002d8       0x28 Core/Src/system_stm32l4xx.o
 .debug_aranges
                0x00000300      0x130 Drivers/STM32L4xx_HAL_Driver/Src/stm32l4xx_hal.o
 .debug_aranges
                0x00000430       0xa8 Drivers/STM32L4xx_HAL_Driver/Src/stm32l4xx_hal_cortex.o
 .debug_aranges
                0x000004d8       0x58 Drivers/STM32L4xx_HAL_Driver/Src/stm32l4xx_hal_gpio.o
 .debug_aranges
                0x00000530      0x290 Drivers/STM32L4xx_HAL_Driver/Src/stm32l4xx_hal_i2c.o
 .debug_aranges
                0x000007c0       0x48 Drivers/STM32L4xx_HAL_Driver/Src/stm32l4xx_hal_i2c_ex.o
 .debug_aranges
                0x00000808      0x150 Drivers/STM32L4xx_HAL_Driver/Src/stm32l4xx_hal_pwr_ex.o
 .debug_aranges
                0x00000958       0x88 Drivers/STM32L4xx_HAL_Driver/Src/stm32l4xx_hal_rcc.o
 .debug_aranges
                0x000009e0       0xc0 Drivers/STM32L4xx_HAL_Driver/Src/stm32l4xx_hal_rcc_ex.o
 .debug_aranges
                0x00000aa0      0x1d8 Drivers/STM32L4xx_HAL_Driver/Src/stm32l4xx_hal_spi.o
 .debug_aranges
                0x00000c78      0x3e0 Drivers/STM32L4xx_HAL_Driver/Src/stm32l4xx_hal_tim.o
 .debug_aranges
                0x00001058      0x180 Drivers/STM32L4xx_HAL_Driver/Src/stm32l4xx_hal_tim_ex.o
 .debug_aranges
                0x000011d8       0x28 startup/startup_stm32l475xx.o

.debug_ranges   0x00000000     0x11a0
 .debug_ranges  0x00000000       0x98 Core/Src/enable.o
 .debug_ranges  0x00000098       0x48 Core/Src/main.o
 .debug_ranges  0x000000e0       0x70 Core/Src/sensors.o
 .debug_ranges  0x00000150       0x58 Core/Src/stm32l4xx_hal_msp.o
 .debug_ranges  0x000001a8       0x60 Core/Src/stm32l4xx_it.o
 .debug_ranges  0x00000208       0xa0 Core/Src/syscalls.o
 .debug_ranges  0x000002a8       0x18 Core/Src/system_stm32l4xx.o
 .debug_ranges  0x000002c0      0x120 Drivers/STM32L4xx_HAL_Driver/Src/stm32l4xx_hal.o
 .debug_ranges  0x000003e0       0xf8 Drivers/STM32L4xx_HAL_Driver/Src/stm32l4xx_hal_cortex.o
 .debug_ranges  0x000004d8       0x48 Drivers/STM32L4xx_HAL_Driver/Src/stm32l4xx_hal_gpio.o
 .debug_ranges  0x00000520      0x280 Drivers/STM32L4xx_HAL_Driver/Src/stm32l4xx_hal_i2c.o
 .debug_ranges  0x000007a0       0x38 Drivers/STM32L4xx_HAL_Driver/Src/stm32l4xx_hal_i2c_ex.o
 .debug_ranges  0x000007d8      0x140 Drivers/STM32L4xx_HAL_Driver/Src/stm32l4xx_hal_pwr_ex.o
 .debug_ranges  0x00000918       0x90 Drivers/STM32L4xx_HAL_Driver/Src/stm32l4xx_hal_rcc.o
 .debug_ranges  0x000009a8       0xd0 Drivers/STM32L4xx_HAL_Driver/Src/stm32l4xx_hal_rcc_ex.o
 .debug_ranges  0x00000a78      0x1c8 Drivers/STM32L4xx_HAL_Driver/Src/stm32l4xx_hal_spi.o
 .debug_ranges  0x00000c40      0x3d0 Drivers/STM32L4xx_HAL_Driver/Src/stm32l4xx_hal_tim.o
 .debug_ranges  0x00001010      0x170 Drivers/STM32L4xx_HAL_Driver/Src/stm32l4xx_hal_tim_ex.o
 .debug_ranges  0x00001180       0x20 startup/startup_stm32l475xx.o

.debug_macro    0x00000000    0x27ad0
 .debug_macro   0x00000000      0x2eb Core/Src/enable.o
 .debug_macro   0x000002eb      0xa54 Core/Src/enable.o
 .debug_macro   0x00000d3f      0x1ad Core/Src/enable.o
 .debug_macro   0x00000eec       0x2e Core/Src/enable.o
 .debug_macro   0x00000f1a       0x28 Core/Src/enable.o
 .debug_macro   0x00000f42       0x22 Core/Src/enable.o
 .debug_macro   0x00000f64       0x8e Core/Src/enable.o
 .debug_macro   0x00000ff2       0x51 Core/Src/enable.o
 .debug_macro   0x00001043       0xef Core/Src/enable.o
 .debug_macro   0x00001132       0x6a Core/Src/enable.o
 .debug_macro   0x0000119c      0x1df Core/Src/enable.o
 .debug_macro   0x0000137b       0x1c Core/Src/enable.o
 .debug_macro   0x00001397       0x22 Core/Src/enable.o
 .debug_macro   0x000013b9      0x101 Core/Src/enable.o
 .debug_macro   0x000014ba     0x1011 Core/Src/enable.o
 .debug_macro   0x000024cb      0x11f Core/Src/enable.o
 .debug_macro   0x000025ea    0x19db6 Core/Src/enable.o
 .debug_macro   0x0001c3a0       0x43 Core/Src/enable.o
 .debug_macro   0x0001c3e3     0x3890 Core/Src/enable.o
 .debug_macro   0x0001fc73      0x174 Core/Src/enable.o
 .debug_macro   0x0001fde7       0x5c Core/Src/enable.o
 .debug_macro   0x0001fe43     0x1519 Core/Src/enable.o
 .debug_macro   0x0002135c      0x59e Core/Src/enable.o
 .debug_macro   0x000218fa      0x13d Core/Src/enable.o
 .debug_macro   0x00021a37      0x17d Core/Src/enable.o
 .debug_macro   0x00021bb4      0x26b Core/Src/enable.o
 .debug_macro   0x00021e1f      0x23d Core/Src/enable.o
 .debug_macro   0x0002205c      0x241 Core/Src/enable.o
 .debug_macro   0x0002229d      0x37c Core/Src/enable.o
 .debug_macro   0x00022619       0xd6 Core/Src/enable.o
 .debug_macro   0x000226ef      0x22c Core/Src/enable.o
 .debug_macro   0x0002291b       0x61 Core/Src/enable.o
 .debug_macro   0x0002297c       0xa5 Core/Src/enable.o
 .debug_macro   0x00022a21      0x122 Core/Src/enable.o
 .debug_macro   0x00022b43      0x3e9 Core/Src/enable.o
 .debug_macro   0x00022f2c      0x2fe Core/Src/enable.o
 .debug_macro   0x0002322a      0xa75 Core/Src/enable.o
 .debug_macro   0x00023c9f      0x1e7 Core/Src/enable.o
 .debug_macro   0x00023e86      0x331 Core/Src/enable.o
 .debug_macro   0x000241b7       0x3a Core/Src/enable.o
 .debug_macro   0x000241f1       0x22 Core/Src/enable.o
 .debug_macro   0x00024213       0x18 Core/Src/enable.o
 .debug_macro   0x0002422b       0x5e Core/Src/enable.o
 .debug_macro   0x00024289       0x35 Core/Src/enable.o
 .debug_macro   0x000242be       0x34 Core/Src/enable.o
 .debug_macro   0x000242f2       0x16 Core/Src/enable.o
 .debug_macro   0x00024308       0x35 Core/Src/enable.o
 .debug_macro   0x0002433d       0x58 Core/Src/enable.o
 .debug_macro   0x00024395       0x1f Core/Src/enable.o
 .debug_macro   0x000243b4       0x43 Core/Src/enable.o
 .debug_macro   0x000243f7       0x20 Core/Src/enable.o
 .debug_macro   0x00024417      0x18e Core/Src/enable.o
 .debug_macro   0x000245a5      0x32a Core/Src/enable.o
 .debug_macro   0x000248cf       0x16 Core/Src/enable.o
 .debug_macro   0x000248e5       0x29 Core/Src/enable.o
 .debug_macro   0x0002490e       0x16 Core/Src/enable.o
 .debug_macro   0x00024924       0x1c Core/Src/enable.o
 .debug_macro   0x00024940      0x206 Core/Src/main.o
 .debug_macro   0x00024b46      0x2b2 Core/Src/sensors.o
 .debug_macro   0x00024df8      0x1e9 Core/Src/stm32l4xx_hal_msp.o
 .debug_macro   0x00024fe1      0x206 Core/Src/stm32l4xx_it.o
 .debug_macro   0x000251e7      0x243 Core/Src/syscalls.o
 .debug_macro   0x0002542a       0x58 Core/Src/syscalls.o
 .debug_macro   0x00025482       0x94 Core/Src/syscalls.o
 .debug_macro   0x00025516       0x57 Core/Src/syscalls.o
 .debug_macro   0x0002556d      0x330 Core/Src/syscalls.o
 .debug_macro   0x0002589d       0x10 Core/Src/syscalls.o
 .debug_macro   0x000258ad       0x10 Core/Src/syscalls.o
 .debug_macro   0x000258bd       0x10 Core/Src/syscalls.o
 .debug_macro   0x000258cd       0x10 Core/Src/syscalls.o
 .debug_macro   0x000258dd       0x1c Core/Src/syscalls.o
 .debug_macro   0x000258f9       0x52 Core/Src/syscalls.o
 .debug_macro   0x0002594b       0x40 Core/Src/syscalls.o
 .debug_macro   0x0002598b       0x10 Core/Src/syscalls.o
 .debug_macro   0x0002599b       0x40 Core/Src/syscalls.o
 .debug_macro   0x000259db       0xd7 Core/Src/syscalls.o
 .debug_macro   0x00025ab2       0x1c Core/Src/syscalls.o
 .debug_macro   0x00025ace       0x3d Core/Src/syscalls.o
 .debug_macro   0x00025b0b       0x35 Core/Src/syscalls.o
 .debug_macro   0x00025b40      0x122 Core/Src/syscalls.o
 .debug_macro   0x00025c62       0x10 Core/Src/syscalls.o
 .debug_macro   0x00025c72      0x241 Core/Src/syscalls.o
 .debug_macro   0x00025eb3       0x1c Core/Src/syscalls.o
 .debug_macro   0x00025ecf       0x10 Core/Src/syscalls.o
 .debug_macro   0x00025edf       0x10 Core/Src/syscalls.o
 .debug_macro   0x00025eef       0x16 Core/Src/syscalls.o
 .debug_macro   0x00025f05      0x16f Core/Src/syscalls.o
 .debug_macro   0x00026074      0x189 Core/Src/syscalls.o
 .debug_macro   0x000261fd       0x16 Core/Src/syscalls.o
 .debug_macro   0x00026213       0x88 Core/Src/syscalls.o
 .debug_macro   0x0002629b      0x1e0 Core/Src/system_stm32l4xx.o
 .debug_macro   0x0002647b      0x228 Drivers/STM32L4xx_HAL_Driver/Src/stm32l4xx_hal.o
 .debug_macro   0x000266a3      0x1da Drivers/STM32L4xx_HAL_Driver/Src/stm32l4xx_hal_cortex.o
 .debug_macro   0x0002687d      0x219 Drivers/STM32L4xx_HAL_Driver/Src/stm32l4xx_hal_gpio.o
 .debug_macro   0x00026a96      0x29f Drivers/STM32L4xx_HAL_Driver/Src/stm32l4xx_hal_i2c.o
 .debug_macro   0x00026d35      0x1da Drivers/STM32L4xx_HAL_Driver/Src/stm32l4xx_hal_i2c_ex.o
 .debug_macro   0x00026f0f      0x1fe Drivers/STM32L4xx_HAL_Driver/Src/stm32l4xx_hal_pwr_ex.o
 .debug_macro   0x0002710d      0x21c Drivers/STM32L4xx_HAL_Driver/Src/stm32l4xx_hal_rcc.o
 .debug_macro   0x00027329      0x210 Drivers/STM32L4xx_HAL_Driver/Src/stm32l4xx_hal_rcc_ex.o
 .debug_macro   0x00027539      0x1e2 Drivers/STM32L4xx_HAL_Driver/Src/stm32l4xx_hal_spi.o
 .debug_macro   0x0002771b      0x1db Drivers/STM32L4xx_HAL_Driver/Src/stm32l4xx_hal_tim.o
 .debug_macro   0x000278f6      0x1da Drivers/STM32L4xx_HAL_Driver/Src/stm32l4xx_hal_tim_ex.o

.debug_line     0x00000000     0xebd4
 .debug_line    0x00000000      0xa05 Core/Src/enable.o
 .debug_line    0x00000a05      0x86b Core/Src/main.o
 .debug_line    0x00001270      0x922 Core/Src/sensors.o
 .debug_line    0x00001b92      0x7f2 Core/Src/stm32l4xx_hal_msp.o
 .debug_line    0x00002384      0x7cd Core/Src/stm32l4xx_it.o
 .debug_line    0x00002b51      0x5d6 Core/Src/syscalls.o
 .debug_line    0x00003127      0x744 Core/Src/system_stm32l4xx.o
 .debug_line    0x0000386b      0x9ad Drivers/STM32L4xx_HAL_Driver/Src/stm32l4xx_hal.o
 .debug_line    0x00004218      0x95c Drivers/STM32L4xx_HAL_Driver/Src/stm32l4xx_hal_cortex.o
 .debug_line    0x00004b74      0x885 Drivers/STM32L4xx_HAL_Driver/Src/stm32l4xx_hal_gpio.o
 .debug_line    0x000053f9     0x1bad Drivers/STM32L4xx_HAL_Driver/Src/stm32l4xx_hal_i2c.o
 .debug_line    0x00006fa6      0x850 Drivers/STM32L4xx_HAL_Driver/Src/stm32l4xx_hal_i2c_ex.o
 .debug_line    0x000077f6      0xb80 Drivers/STM32L4xx_HAL_Driver/Src/stm32l4xx_hal_pwr_ex.o
 .debug_line    0x00008376      0xab6 Drivers/STM32L4xx_HAL_Driver/Src/stm32l4xx_hal_rcc.o
 .debug_line    0x00008e2c      0xd27 Drivers/STM32L4xx_HAL_Driver/Src/stm32l4xx_hal_rcc_ex.o
 .debug_line    0x00009b53     0x1274 Drivers/STM32L4xx_HAL_Driver/Src/stm32l4xx_hal_spi.o
 .debug_line    0x0000adc7     0x2832 Drivers/STM32L4xx_HAL_Driver/Src/stm32l4xx_hal_tim.o
 .debug_line    0x0000d5f9     0x155b Drivers/STM32L4xx_HAL_Driver/Src/stm32l4xx_hal_tim_ex.o
 .debug_line    0x0000eb54       0x80 startup/startup_stm32l475xx.o

.debug_str      0x00000000    0xf259b
 .debug_str     0x00000000    0xeade1 Core/Src/enable.o
                              0xeb1bd (size before relaxing)
 .debug_str     0x000eade1     0x12f2 Core/Src/main.o
                              0xe9261 (size before relaxing)
 .debug_str     0x000ec0d3      0x1bc Core/Src/sensors.o
                              0xeac6d (size before relaxing)
 .debug_str     0x000ec28f      0x10c Core/Src/stm32l4xx_hal_msp.o
                              0xe889d (size before relaxing)
 .debug_str     0x000ec39b      0x108 Core/Src/stm32l4xx_it.o
                              0xe7db6 (size before relaxing)
 .debug_str     0x000ec4a3     0x23ac Core/Src/syscalls.o
                               0x85a3 (size before relaxing)
 .debug_str     0x000ee84f       0xcd Core/Src/system_stm32l4xx.o
                              0xe7859 (size before relaxing)
 .debug_str     0x000ee91c      0x5b0 Drivers/STM32L4xx_HAL_Driver/Src/stm32l4xx_hal.o
                              0xe8379 (size before relaxing)
 .debug_str     0x000eeecc      0x31d Drivers/STM32L4xx_HAL_Driver/Src/stm32l4xx_hal_cortex.o
                              0xe80a4 (size before relaxing)
 .debug_str     0x000ef1e9      0x1dc Drivers/STM32L4xx_HAL_Driver/Src/stm32l4xx_hal_gpio.o
                              0xe7ad8 (size before relaxing)
 .debug_str     0x000ef3c5      0xd36 Drivers/STM32L4xx_HAL_Driver/Src/stm32l4xx_hal_i2c.o
                              0xe89a9 (size before relaxing)
 .debug_str     0x000f00fb       0xb8 Drivers/STM32L4xx_HAL_Driver/Src/stm32l4xx_hal_i2c_ex.o
                              0xe7d62 (size before relaxing)
 .debug_str     0x000f01b3      0x4a8 Drivers/STM32L4xx_HAL_Driver/Src/stm32l4xx_hal_pwr_ex.o
                              0xe7d88 (size before relaxing)
 .debug_str     0x000f065b      0x384 Drivers/STM32L4xx_HAL_Driver/Src/stm32l4xx_hal_rcc.o
                              0xe7e5c (size before relaxing)
 .debug_str     0x000f09df      0x3bf Drivers/STM32L4xx_HAL_Driver/Src/stm32l4xx_hal_rcc_ex.o
                              0xe803b (size before relaxing)
 .debug_str     0x000f0d9e      0x549 Drivers/STM32L4xx_HAL_Driver/Src/stm32l4xx_hal_spi.o
                              0xe8041 (size before relaxing)
 .debug_str     0x000f12e7      0xd91 Drivers/STM32L4xx_HAL_Driver/Src/stm32l4xx_hal_tim.o
                              0xe8b4d (size before relaxing)
 .debug_str     0x000f2078      0x4f4 Drivers/STM32L4xx_HAL_Driver/Src/stm32l4xx_hal_tim_ex.o
                              0xe8478 (size before relaxing)
 .debug_str     0x000f256c       0x2f startup/startup_stm32l475xx.o
                                 0x63 (size before relaxing)

.comment        0x00000000       0x7f
 .comment       0x00000000       0x7f Core/Src/enable.o
                                 0x80 (size before relaxing)
 .comment       0x0000007f       0x80 Core/Src/main.o
 .comment       0x0000007f       0x80 Core/Src/sensors.o
 .comment       0x0000007f       0x80 Core/Src/stm32l4xx_hal_msp.o
 .comment       0x0000007f       0x80 Core/Src/stm32l4xx_it.o
 .comment       0x0000007f       0x80 Core/Src/syscalls.o
 .comment       0x0000007f       0x80 Core/Src/system_stm32l4xx.o
 .comment       0x0000007f       0x80 Drivers/STM32L4xx_HAL_Driver/Src/stm32l4xx_hal.o
 .comment       0x0000007f       0x80 Drivers/STM32L4xx_HAL_Driver/Src/stm32l4xx_hal_cortex.o
 .comment       0x0000007f       0x80 Drivers/STM32L4xx_HAL_Driver/Src/stm32l4xx_hal_gpio.o
 .comment       0x0000007f       0x80 Drivers/STM32L4xx_HAL_Driver/Src/stm32l4xx_hal_i2c.o
 .comment       0x0000007f       0x80 Drivers/STM32L4xx_HAL_Driver/Src/stm32l4xx_hal_i2c_ex.o
 .comment       0x0000007f       0x80 Drivers/STM32L4xx_HAL_Driver/Src/stm32l4xx_hal_pwr_ex.o
 .comment       0x0000007f       0x80 Drivers/STM32L4xx_HAL_Driver/Src/stm32l4xx_hal_rcc.o
 .comment       0x0000007f       0x80 Drivers/STM32L4xx_HAL_Driver/Src/stm32l4xx_hal_rcc_ex.o
 .comment       0x0000007f       0x80 Drivers/STM32L4xx_HAL_Driver/Src/stm32l4xx_hal_spi.o
 .comment       0x0000007f       0x80 Drivers/STM32L4xx_HAL_Driver/Src/stm32l4xx_hal_tim.o
 .comment       0x0000007f       0x80 Drivers/STM32L4xx_HAL_Driver/Src/stm32l4xx_hal_tim_ex.o

.debug_frame    0x00000000     0x3508
 .debug_frame   0x00000000      0x1d8 Core/Src/enable.o
 .debug_frame   0x000001d8      0x100 Core/Src/main.o
 .debug_frame   0x000002d8      0x1b4 Core/Src/sensors.o
 .debug_frame   0x0000048c      0x114 Core/Src/stm32l4xx_hal_msp.o
 .debug_frame   0x000005a0       0xd8 Core/Src/stm32l4xx_it.o
 .debug_frame   0x00000678      0x1a8 Core/Src/syscalls.o
 .debug_frame   0x00000820       0x30 Core/Src/system_stm32l4xx.o
 .debug_frame   0x00000850      0x274 Drivers/STM32L4xx_HAL_Driver/Src/stm32l4xx_hal.o
 .debug_frame   0x00000ac4      0x15c Drivers/STM32L4xx_HAL_Driver/Src/stm32l4xx_hal_cortex.o
 .debug_frame   0x00000c20       0xd0 Drivers/STM32L4xx_HAL_Driver/Src/stm32l4xx_hal_gpio.o
 .debug_frame   0x00000cf0      0x928 Drivers/STM32L4xx_HAL_Driver/Src/stm32l4xx_hal_i2c.o
 .debug_frame   0x00001618       0x80 Drivers/STM32L4xx_HAL_Driver/Src/stm32l4xx_hal_i2c_ex.o
 .debug_frame   0x00001698      0x298 Drivers/STM32L4xx_HAL_Driver/Src/stm32l4xx_hal_pwr_ex.o
 .debug_frame   0x00001930      0x18c Drivers/STM32L4xx_HAL_Driver/Src/stm32l4xx_hal_rcc.o
 .debug_frame   0x00001abc      0x204 Drivers/STM32L4xx_HAL_Driver/Src/stm32l4xx_hal_rcc_ex.o
 .debug_frame   0x00001cc0      0x5c8 Drivers/STM32L4xx_HAL_Driver/Src/stm32l4xx_hal_spi.o
 .debug_frame   0x00002288      0xbbc Drivers/STM32L4xx_HAL_Driver/Src/stm32l4xx_hal_tim.o
 .debug_frame   0x00002e44      0x4e4 Drivers/STM32L4xx_HAL_Driver/Src/stm32l4xx_hal_tim_ex.o
 .debug_frame   0x00003328       0x20 c:/ac6/systemworkbench/plugins/fr.ac6.mcu.externaltools.arm-none.win32_1.17.0.201812190825/tools/compiler/bin/../lib/gcc/arm-none-eabi/7.3.1/../../../../arm-none-eabi/lib/thumb/v7e-m/fpv4-sp/hard\libc_nano.a(lib_a-errno.o)
 .debug_frame   0x00003348       0x2c c:/ac6/systemworkbench/plugins/fr.ac6.mcu.externaltools.arm-none.win32_1.17.0.201812190825/tools/compiler/bin/../lib/gcc/arm-none-eabi/7.3.1/../../../../arm-none-eabi/lib/thumb/v7e-m/fpv4-sp/hard\libc_nano.a(lib_a-init.o)
 .debug_frame   0x00003374       0x30 c:/ac6/systemworkbench/plugins/fr.ac6.mcu.externaltools.arm-none.win32_1.17.0.201812190825/tools/compiler/bin/../lib/gcc/arm-none-eabi/7.3.1/../../../../arm-none-eabi/lib/thumb/v7e-m/fpv4-sp/hard\libc_nano.a(lib_a-malloc.o)
 .debug_frame   0x000033a4       0x28 c:/ac6/systemworkbench/plugins/fr.ac6.mcu.externaltools.arm-none.win32_1.17.0.201812190825/tools/compiler/bin/../lib/gcc/arm-none-eabi/7.3.1/../../../../arm-none-eabi/lib/thumb/v7e-m/fpv4-sp/hard\libc_nano.a(lib_a-memcpy-stub.o)
 .debug_frame   0x000033cc       0x20 c:/ac6/systemworkbench/plugins/fr.ac6.mcu.externaltools.arm-none.win32_1.17.0.201812190825/tools/compiler/bin/../lib/gcc/arm-none-eabi/7.3.1/../../../../arm-none-eabi/lib/thumb/v7e-m/fpv4-sp/hard\libc_nano.a(lib_a-memset.o)
 .debug_frame   0x000033ec       0x38 c:/ac6/systemworkbench/plugins/fr.ac6.mcu.externaltools.arm-none.win32_1.17.0.201812190825/tools/compiler/bin/../lib/gcc/arm-none-eabi/7.3.1/../../../../arm-none-eabi/lib/thumb/v7e-m/fpv4-sp/hard\libc_nano.a(lib_a-nano-freer.o)
 .debug_frame   0x00003424       0x2c c:/ac6/systemworkbench/plugins/fr.ac6.mcu.externaltools.arm-none.win32_1.17.0.201812190825/tools/compiler/bin/../lib/gcc/arm-none-eabi/7.3.1/../../../../arm-none-eabi/lib/thumb/v7e-m/fpv4-sp/hard\libc_nano.a(lib_a-nano-mallocr.o)
 .debug_frame   0x00003450       0x2c c:/ac6/systemworkbench/plugins/fr.ac6.mcu.externaltools.arm-none.win32_1.17.0.201812190825/tools/compiler/bin/../lib/gcc/arm-none-eabi/7.3.1/../../../../arm-none-eabi/lib/thumb/v7e-m/fpv4-sp/hard\libc_nano.a(lib_a-sbrkr.o)
 .debug_frame   0x0000347c       0x30 c:/ac6/systemworkbench/plugins/fr.ac6.mcu.externaltools.arm-none.win32_1.17.0.201812190825/tools/compiler/bin/../lib/gcc/arm-none-eabi/7.3.1/../../../../arm-none-eabi/lib/thumb/v7e-m/fpv4-sp/hard\libc_nano.a(lib_a-mlock.o)
 .debug_frame   0x000034ac       0x5c c:/ac6/systemworkbench/plugins/fr.ac6.mcu.externaltools.arm-none.win32_1.17.0.201812190825/tools/compiler/bin/../lib/gcc/arm-none-eabi/7.3.1/../../../../arm-none-eabi/lib/thumb/v7e-m/fpv4-sp/hard\libc_nano.a(lib_a-reent.o)
